============================= test session starts =============================
platform win32 -- Python 3.14.3, pytest-9.0.3, pluggy-1.6.0 -- C:\Users\Hi\AppData\Local\Python\pythoncore-3.14-64\python.exe
cachedir: .pytest_cache
rootdir: D:\Tradelatest
configfile: pyproject.toml
testpaths: tests
collecting ... collected 1231 items

tests/cognitive/test_cognitive_bus.py::test_emit_nonblocking PASSED      [  0%]
tests/cognitive/test_cognitive_bus.py::test_drop_telemetry PASSED        [  0%]
tests/cognitive/test_cognitive_bus.py::test_health_keys PASSED           [  0%]
tests/cognitive/test_cognitive_bus.py::test_backpressure_flag PASSED     [  0%]
tests/cognitive/test_cognitive_bus.py::test_daemon_lifecycle PASSED      [  0%]
tests/cognitive/test_cognitive_bus.py::test_decision_snapshot_fields PASSED [  0%]
tests/engines/test_tradenet_meta_engine.py::test_fallback_on_no_model PASSED [  0%]
tests/engines/test_tradenet_meta_engine.py::test_output_keys PASSED      [  0%]
tests/engines/test_tradenet_meta_engine.py::test_quality_tiers[inputs0-PREMIUM-FULL] PASSED [  0%]
tests/engines/test_tradenet_meta_engine.py::test_quality_tiers[inputs1-STANDARD-HALF] PASSED [  0%]
tests/engines/test_tradenet_meta_engine.py::test_quality_tiers[inputs2-POOR-NONE] PASSED [  0%]
tests/engines/test_tradenet_meta_engine.py::test_risk_authority_match[PREMIUM-FULL] PASSED [  0%]
tests/engines/test_tradenet_meta_engine.py::test_risk_authority_match[STANDARD-HALF] PASSED [  1%]
tests/engines/test_tradenet_meta_engine.py::test_risk_authority_match[MARGINAL-QUARTER] PASSED [  1%]
tests/engines/test_tradenet_meta_engine.py::test_risk_authority_match[POOR-NONE] PASSED [  1%]
tests/engines/test_tradenet_meta_engine.py::test_timeout_protection PASSED [  1%]
tests/events/test_event_fabric.py::test_envelope_fields_present PASSED   [  1%]
tests/events/test_event_fabric.py::test_generation_monotonic PASSED      [  1%]
tests/events/test_event_fabric.py::test_generation_thread_safe PASSED    [  1%]
tests/events/test_event_fabric.py::test_schema_hash_present PASSED       [  1%]
tests/events/test_event_fabric.py::test_parent_event_id_chain PASSED     [  1%]
tests/events/test_event_fabric.py::test_event_id_unique PASSED           [  1%]
tests/events/test_event_fabric.py::test_fail_open_on_missing_schema PASSED [  1%]
tests/events/test_event_fabric.py::test_decision_snapshot_envelope_fields PASSED [  1%]
tests/events/test_event_fabric.py::test_jsonl_serializable PASSED        [  2%]
tests/features/test_feature_schema_registry.py::test_feature_order_hash_format PASSED [  2%]
tests/features/test_feature_schema_registry.py::test_register_match PASSED [  2%]
tests/features/test_feature_schema_registry.py::test_register_mismatch PASSED [  2%]
tests/features/test_feature_schema_registry.py::test_unregistered_fail_open FAILED [  2%]
tests/features/test_feature_schema_registry.py::test_hash_changes_on_reorder PASSED [  2%]
tests/features/test_feature_schema_registry.py::test_registered_versions PASSED [  2%]
tests/features/test_liquidity_distance.py::test_liquidity_distance_no_lookahead PASSED [  2%]
tests/features/test_liquidity_distance.py::test_value_range PASSED       [  2%]
tests/features/test_liquidity_distance.py::test_pressure_score_range PASSED [  2%]
tests/features/test_liquidity_distance.py::test_zero_atr_handled PASSED  [  2%]
tests/features/test_liquidity_distance.py::test_canonical_dim PASSED     [  2%]
tests/features/test_liquidity_distance.py::test_volume_spike_adaptive PASSED [  3%]
tests/regime/test_market_state_cluster_engine.py::test_trend_expansion_from_stats PASSED [  3%]
tests/regime/test_market_state_cluster_engine.py::test_range_trap_from_stats PASSED [  3%]
tests/regime/test_market_state_cluster_engine.py::test_cooldown_prevents_chattering PASSED [  3%]
tests/regime/test_market_state_cluster_engine.py::test_no_cluster_stats_transitional_chaos PASSED [  3%]
tests/regime/test_market_state_cluster_engine.py::test_output_fields PASSED [  3%]
tests/regime/test_market_state_cluster_engine.py::test_volatile_reversal PASSED [  3%]
tests/replay/test_replay_memory_engine.py::test_load_empty_dir PASSED    [  3%]
tests/replay/test_replay_memory_engine.py::test_query_no_records PASSED  [  3%]
tests/replay/test_replay_memory_engine.py::test_cluster_stats_built FAILED [  3%]
tests/replay/test_replay_memory_engine.py::test_decay_weighting FAILED   [  3%]
tests/replay/test_replay_memory_engine.py::test_determinism PASSED       [  3%]
tests/replay/test_replay_memory_engine.py::test_max_records_cap PASSED   [  3%]
tests/replay/test_replay_memory_engine.py::test_run_header_skipped PASSED [  4%]
tests/replay/test_replay_memory_engine.py::test_replay_features_keys PASSED [  4%]
tests/replay/test_replay_similarity_index.py::test_cosine_self_similarity PASSED [  4%]
tests/replay/test_replay_similarity_index.py::test_decay_reduces_old_matches PASSED [  4%]
tests/replay/test_replay_similarity_index.py::test_cluster_filter PASSED [  4%]
tests/replay/test_replay_similarity_index.py::test_empty_index PASSED    [  4%]
tests/replay/test_replay_similarity_index.py::test_aggregate_stats PASSED [  4%]
tests/replay/test_replay_similarity_index.py::test_faiss_numpy_parity SKIPPED [  4%]
tests/test_acceptance_controller.py::test_theta_upper_bound_respected PASSED [  4%]
tests/test_acceptance_controller.py::test_theta_lower_bound_respected PASSED [  4%]
tests/test_acceptance_controller.py::test_fusion_threshold_is_85th_percentile PASSED [  4%]
tests/test_acceptance_controller.py::test_returns_defaults_when_cold PASSED [  4%]
tests/test_acceptance_controller.py::test_adjust_thresholds_noop_when_cold PASSED [  5%]
tests/test_acceptance_controller.py::test_engine_threshold_formula PASSED [  5%]
tests/test_acceptance_controller.py::test_acceptance_rate_none_when_empty PASSED [  5%]
tests/test_acceptance_controller.py::test_acceptance_rate_correct PASSED [  5%]
tests/test_acceptance_controller.py::test_theta_increases_when_above_target PASSED [  5%]
tests/test_acceptance_controller.py::test_theta_decreases_when_below_target PASSED [  5%]
tests/test_agent_executor_confirm.py::test_read_tool_runs_inline PASSED  [  5%]
tests/test_agent_executor_confirm.py::test_write_tool_returns_pending_without_confirm PASSED [  5%]
tests/test_agent_executor_confirm.py::test_write_tool_executes_after_confirm PASSED [  5%]
tests/test_agent_executor_confirm.py::test_path_outside_allowlist_refused PASSED [  5%]
tests/test_agent_executor_confirm.py::test_unknown_tool_refused PASSED   [  5%]
tests/test_agent_executor_confirm.py::test_dispatch_denied_records_audit PASSED [  5%]
tests/test_agent_intent_router.py::test_regex_pipeline_tune_promote PASSED [  6%]
tests/test_agent_intent_router.py::test_regex_pipeline_backtest PASSED   [  6%]
tests/test_agent_intent_router.py::test_regex_pipeline_validate PASSED   [  6%]
tests/test_agent_intent_router.py::test_regex_copilot_advise PASSED      [  6%]
tests/test_agent_intent_router.py::test_regex_copilot_veto PASSED        [  6%]
tests/test_agent_intent_router.py::test_regex_governance_run PASSED      [  6%]
tests/test_agent_intent_router.py::test_regex_governance_run_reflect PASSED [  6%]
tests/test_agent_intent_router.py::test_regex_full_pipeline PASSED       [  6%]
tests/test_agent_intent_router.py::test_unknown_input_returns_ask_user PASSED [  6%]
tests/test_agent_intent_router.py::test_unknown_input_returns_mode_none PASSED [  6%]
tests/test_agent_intent_router.py::test_llm_classify_high_confidence PASSED [  6%]
tests/test_agent_intent_router.py::test_llm_classify_invalid_intent_key_falls_back_to_ask_user PASSED [  6%]
tests/test_agent_intent_router.py::test_llm_classify_low_confidence_falls_back PASSED [  6%]
tests/test_agent_intent_router.py::test_llm_failure_falls_back_to_regex PASSED [  7%]
tests/test_agent_intent_router.py::test_classify_always_returns_required_keys PASSED [  7%]
tests/test_agent_plan_compiler.py::test_tune_and_promote_pipeline PASSED [  7%]
tests/test_agent_plan_compiler.py::test_backtest_only PASSED             [  7%]
tests/test_agent_plan_compiler.py::test_governance_run_canonical_order PASSED [  7%]
tests/test_agent_plan_compiler.py::test_advise_signal_engine_first_veto_present PASSED [  7%]
tests/test_agent_plan_compiler.py::test_full_pipeline_contains_all_stages PASSED [  7%]
tests/test_agent_plan_compiler.py::test_governance_inspect_preflight_present PASSED [  7%]
tests/test_agent_plan_compiler.py::test_same_intent_key_always_returns_same_tools PASSED [  7%]
tests/test_agent_plan_compiler.py::test_build_returns_fresh_copies_no_mutation_leak PASSED [  7%]
tests/test_agent_plan_compiler.py::test_unknown_intent_key_returns_ask_user_plan PASSED [  7%]
tests/test_agent_plan_compiler.py::test_filter_removes_specified_tools PASSED [  7%]
tests/test_agent_plan_compiler.py::test_filter_empty_skip_returns_all_steps PASSED [  8%]
tests/test_agent_plan_compiler.py::test_filter_all_tools_returns_empty_steps PASSED [  8%]
tests/test_agent_plan_compiler.py::test_filter_preserves_intent_key PASSED [  8%]
tests/test_agent_plan_compiler.py::test_plan_registry_contains_all_expected_intents PASSED [  8%]
tests/test_agent_plan_compiler.py::test_plan_registry_no_empty_step_lists PASSED [  8%]
tests/test_agent_plan_compiler.py::test_all_registry_tools_are_strings PASSED [  8%]
tests/test_agent_plan_compiler.py::test_findings_synthesize_single_step PASSED [  8%]
tests/test_agent_plan_compiler.py::test_findings_recent_default_n PASSED [  8%]
tests/test_agent_plan_compiler.py::test_findings_explain_single_step PASSED [  8%]
tests/test_agent_tool_registry.py::test_all_pipeline_tools_registered PASSED [  8%]
tests/test_agent_tool_registry.py::test_all_copilot_tools_registered PASSED [  8%]
tests/test_agent_tool_registry.py::test_all_governance_tools_registered PASSED [  8%]
tests/test_agent_tool_registry.py::test_write_tools_correctly_flagged PASSED [  9%]
tests/test_agent_tool_registry.py::test_tool_schema_text_generates PASSED [  9%]
tests/test_agent_tool_registry.py::test_register_tool_decorator PASSED   [  9%]
tests/test_agent_tool_registry.py::test_toolspec_has_required_fields PASSED [  9%]
tests/test_analytics.py::test_trade_record_to_dict PASSED                [  9%]
tests/test_analytics.py::test_trade_record_from_dict_round_trip PASSED   [  9%]
tests/test_analytics.py::test_trade_record_to_json PASSED                [  9%]
tests/test_analytics.py::test_trade_logger_writes_to_file PASSED         [  9%]
tests/test_analytics.py::test_trade_logger_appends_multiple PASSED       [  9%]
tests/test_analytics.py::test_trade_logger_load_all_empty PASSED         [  9%]
tests/test_analytics.py::test_analyzer_win_rate PASSED                   [  9%]
tests/test_analytics.py::test_analyzer_total_pnl PASSED                  [  9%]
tests/test_analytics.py::test_analyzer_expectancy_positive_for_winning_system PASSED [  9%]
tests/test_analytics.py::test_analyzer_profit_factor PASSED              [ 10%]
tests/test_analytics.py::test_analyzer_empty_input PASSED                [ 10%]
tests/test_analytics.py::test_analyzer_by_regime PASSED                  [ 10%]
tests/test_analytics.py::test_analyzer_by_config PASSED                  [ 10%]
tests/test_analytics.py::test_clustering_finds_low_zone PASSED           [ 10%]
tests/test_analytics.py::test_clustering_finds_low_rr PASSED             [ 10%]
tests/test_analytics.py::test_clustering_filters_small_clusters PASSED   [ 10%]
tests/test_analytics.py::test_clustering_empty_when_no_losses PASSED     [ 10%]
tests/test_analytics.py::test_clustering_loss_rate_by_condition PASSED   [ 10%]
tests/test_analytics.py::test_ai_feedback_skips_insufficient_trades PASSED [ 10%]
tests/test_analytics.py::test_ai_feedback_rule_based_no_llm PASSED       [ 10%]
tests/test_analytics.py::test_ai_feedback_llm_called PASSED              [ 10%]
tests/test_analytics.py::test_ai_feedback_llm_failure_falls_back PASSED  [ 11%]
tests/test_analytics.py::test_ai_feedback_low_winrate_suggestion PASSED  [ 11%]
tests/test_analyze_fusion_shadow.py::test_analyze_log_reads_prefixed_json_lines PASSED [ 11%]
tests/test_analyze_fusion_shadow.py::test_analyze_log_handles_empty_input PASSED [ 11%]
tests/test_auto_tuner_multi.py::test_determinism PASSED                  [ 11%]
tests/test_auto_tuner_multi.py::test_forex_vs_crypto_config PASSED       [ 11%]
tests/test_auto_tuner_multi.py::test_multi_score_differs_from_single PASSED [ 11%]
tests/test_auto_tuner_multi.py::test_multi_score_homogeneous PASSED      [ 11%]
tests/test_auto_tuner_multi.py::test_config_snapshot_matches_builder PASSED [ 11%]
tests/test_auto_tuner_multi.py::test_missing_csv_handled PASSED          [ 11%]
tests/test_auto_tuner_multi.py::test_all_instruments_invalid PASSED      [ 11%]
tests/test_auto_tuner_multi.py::test_zero_expansion_guard PASSED         [ 11%]
tests/test_auto_tuner_multi.py::test_params_to_key_deterministic PASSED  [ 12%]
tests/test_auto_tuner_multi.py::test_no_forbidden_imports XFAIL ('ge...) [ 12%]
tests/test_backtest_bitnet_console_encoding.py::test_run_backtest_survives_cp1252_stdout PASSED [ 12%]
tests/test_backtest_payload_integrity.py::test_backtest_keeps_input_canonical_and_routes_runtime_to_context PASSED [ 12%]
tests/test_backtest_payload_integrity.py::test_backtest_symbol_default_falls_back_to_filename PASSED [ 12%]
tests/test_bitnet_inference.py::test_predict_rejects_wrong_shape PASSED  [ 12%]
tests/test_bitnet_inference.py::test_predict_rejects_2d_array PASSED     [ 12%]
tests/test_bitnet_inference.py::test_predict_rejects_nan PASSED          [ 12%]
tests/test_bitnet_inference.py::test_predict_rejects_all_nan PASSED      [ 12%]
tests/test_bitnet_inference.py::test_score_in_range PASSED               [ 12%]
tests/test_bitnet_inference.py::test_score_range_multiple_vectors PASSED [ 12%]
tests/test_bitnet_inference.py::test_signal_high_score PASSED            [ 12%]
tests/test_bitnet_inference.py::test_signal_low_score PASSED             [ 12%]
tests/test_bitnet_inference.py::test_signal_neutral_positive PASSED      [ 13%]
tests/test_bitnet_inference.py::test_signal_neutral_negative PASSED      [ 13%]
tests/test_bitnet_inference.py::test_signal_exactly_at_threshold_positive PASSED [ 13%]
tests/test_bitnet_inference.py::test_signal_exactly_at_threshold_negative PASSED [ 13%]
tests/test_bitnet_inference.py::test_confidence_is_abs_score PASSED      [ 13%]
tests/test_bitnet_inference.py::test_deterministic_same_input PASSED     [ 13%]
tests/test_bitnet_inference.py::test_deterministic_two_model_instances PASSED [ 13%]
tests/test_bitnet_inference.py::test_missing_model_file_raises PASSED    [ 13%]
tests/test_bitnet_inference.py::test_scale_shape_mismatch_raises PASSED  [ 13%]
tests/test_bitnet_inference.py::test_zero_vector_does_not_raise PASSED   [ 13%]
tests/test_bitnet_parity.py::test_cpp_python_parity XFAIL (cpp_runne...) [ 13%]
tests/test_bitnet_parity.py::test_canonical_feature_dim PASSED           [ 13%]
tests/test_bitnet_parity.py::test_python_inference_shape PASSED          [ 14%]
tests/test_btcusdt_crt_v3_handover.py::TestClassifySweep::test_type_a_pinbar_bear PASSED [ 14%]
tests/test_btcusdt_crt_v3_handover.py::TestClassifySweep::test_type_b_shooting_star PASSED [ 14%]
tests/test_btcusdt_crt_v3_handover.py::TestClassifySweep::test_type_c_hammer PASSED [ 14%]
tests/test_btcusdt_crt_v3_handover.py::TestClassifySweep::test_type_d_pinbar_bull PASSED [ 14%]
tests/test_btcusdt_crt_v3_handover.py::TestClassifySweep::test_no_match_returns_none PASSED [ 14%]
tests/test_btcusdt_crt_v3_handover.py::TestClassifySweep::test_first_match_wins_a_over_b PASSED [ 14%]
tests/test_btcusdt_crt_v3_handover.py::TestWickBonus::test_type_a_uses_lower_wick PASSED [ 14%]
tests/test_btcusdt_crt_v3_handover.py::TestWickBonus::test_type_b_uses_upper_wick PASSED [ 14%]
tests/test_btcusdt_crt_v3_handover.py::TestWickBonus::test_none_returns_zero PASSED [ 14%]
tests/test_btcusdt_crt_v3_handover.py::TestBTCUSDTReplayGroundTruth::test_worked_example[23-0.558-TYPE-A-PINBAR BEAR] SKIPPED [ 14%]
tests/test_btcusdt_crt_v3_handover.py::TestBTCUSDTReplayGroundTruth::test_worked_example[38-0.5954-TYPE-D-PINBAR BULL] SKIPPED [ 14%]
tests/test_btcusdt_crt_v3_handover.py::TestBTCUSDTReplayGroundTruth::test_worked_example[43-0.5355-TYPE-B-SHOOTING STAR] SKIPPED [ 15%]
tests/test_btcusdt_crt_v3_handover.py::TestBTCUSDTReplayGroundTruth::test_worked_example[13-0.546-None-None] SKIPPED [ 15%]
tests/test_btcusdt_crt_v3_handover.py::TestBTCUSDTReplayGroundTruth::test_phase_distribution SKIPPED [ 15%]
tests/test_btcusdt_crt_v3_handover.py::TestBTCUSDTReplayGroundTruth::test_sweep_type_set SKIPPED [ 15%]
tests/test_btcusdt_crt_v3_handover.py::TestBTCUSDTReplayGroundTruth::test_record_schema_keys SKIPPED [ 15%]
tests/test_collector_fusion_persistence.py::test_collector_log_forwards_fusion_payload PASSED [ 15%]
tests/test_console_safe.py::test_sanitize_for_console_preserves_utf8_text PASSED [ 15%]
tests/test_console_safe.py::test_safe_print_falls_back_on_unicode_encode_error PASSED [ 15%]
tests/test_console_safe.py::test_safe_print_supports_mixed_args PASSED   [ 15%]
tests/test_console_safe.py::test_safe_stream_handler_retries_with_sanitized_output PASSED [ 15%]
tests/test_control_plane_api.py::test_api_run_lifecycle_and_artifacts PASSED [ 15%]
tests/test_control_plane_api.py::test_ui_route_returns_html PASSED       [ 15%]
tests/test_control_plane_doc_alignment.py::test_doctrine_path_alignment PASSED [ 16%]
tests/test_control_plane_doc_alignment.py::test_every_plan_carries_a_created_date PASSED [ 16%]
tests/test_control_plane_doc_alignment.py::test_cli_matrix_contains_all_core_command_ids PASSED [ 16%]
tests/test_control_plane_jobs.py::test_job_manager_executes_and_collects_artifacts PASSED [ 16%]
tests/test_control_plane_jobs.py::test_job_manager_persists_run_records PASSED [ 16%]
tests/test_control_plane_registry.py::test_registry_contains_core_commands PASSED [ 16%]
tests/test_control_plane_registry.py::test_tutorial_mapping_and_stage_order PASSED [ 16%]
tests/test_control_plane_registry.py::test_render_command_module_mode PASSED [ 16%]
tests/test_control_plane_registry.py::test_render_command_subcommand_scoping_validator PASSED [ 16%]
tests/test_control_plane_registry.py::test_render_command_subcommand_scoping_promotion_list PASSED [ 16%]
tests/test_control_plane_registry.py::test_render_command_exact_backtest_v2_minimal PASSED [ 16%]
tests/test_control_plane_tutorial.py::test_tour_persistence_keys_present_in_ui_html PASSED [ 16%]
tests/test_control_plane_tutorial.py::test_tour_controls_present_in_ui_html PASSED [ 16%]
tests/test_convergence_controller.py::test_calibrate_score_at_threshold PASSED [ 17%]
tests/test_convergence_controller.py::test_calibrate_score_above_threshold_returns_above_half PASSED [ 17%]
tests/test_convergence_controller.py::test_calibrate_score_below_threshold_returns_below_half PASSED [ 17%]
tests/test_convergence_controller.py::test_calibrate_score_clamped PASSED [ 17%]
tests/test_convergence_controller.py::test_bitnet_dampening_reduces_inflated_scores PASSED [ 17%]
tests/test_convergence_controller.py::test_bitnet_dampening_not_applied_to_low_zone_score PASSED [ 17%]
tests/test_convergence_controller.py::test_high_variance_penalty_reduces_score PASSED [ 17%]
tests/test_convergence_controller.py::test_adaptive_threshold_increases_on_high_accept_rate PASSED [ 17%]
tests/test_convergence_controller.py::test_adaptive_threshold_decreases_on_low_accept_rate PASSED [ 17%]
tests/test_convergence_controller.py::test_threshold_bounded_within_min_max PASSED [ 17%]
tests/test_convergence_controller.py::test_cold_start_returns_raw_average PASSED [ 17%]
tests/test_convergence_controller.py::test_entropy_non_negative_finite PASSED [ 17%]
tests/test_correlation_engine_rolling.py::test_same_symbol_is_one PASSED [ 18%]
tests/test_correlation_engine_rolling.py::test_empty_symbol_is_zero PASSED [ 18%]
tests/test_correlation_engine_rolling.py::test_max_corr_empty_existing PASSED [ 18%]
tests/test_correlation_engine_rolling.py::test_no_fetcher_falls_back_to_heuristic PASSED [ 18%]
tests/test_correlation_engine_rolling.py::test_perfectly_correlated_returns_one PASSED [ 18%]
tests/test_correlation_engine_rolling.py::test_anti_correlated_returns_one_magnitude PASSED [ 18%]
tests/test_correlation_engine_rolling.py::test_symmetry PASSED           [ 18%]
tests/test_correlation_engine_rolling.py::test_constant_series_falls_back_to_heuristic PASSED [ 18%]
tests/test_correlation_engine_rolling.py::test_insufficient_observations_falls_back PASSED [ 18%]
tests/test_correlation_engine_rolling.py::test_stale_data_falls_back PASSED [ 18%]
tests/test_correlation_engine_rolling.py::test_cache_avoids_recompute PASSED [ 18%]
tests/test_correlation_engine_rolling.py::test_cache_expiry_triggers_recompute PASSED [ 18%]
tests/test_correlation_engine_rolling.py::test_tracked_instruments_union PASSED [ 19%]
tests/test_correlation_engine_rolling.py::test_tracked_instruments_empty_emits_event PASSED [ 19%]
tests/test_correlation_engine_rolling.py::test_static_fallback_emits_event PASSED [ 19%]
tests/test_crt_fixes.py::TestScoreNormalizer::test_single_value_returns_neutral PASSED [ 19%]
tests/test_crt_fixes.py::TestScoreNormalizer::test_constant_input_returns_neutral PASSED [ 19%]
tests/test_crt_fixes.py::TestScoreNormalizer::test_min_maps_to_zero PASSED [ 19%]
tests/test_crt_fixes.py::TestScoreNormalizer::test_max_maps_to_one PASSED [ 19%]
tests/test_crt_fixes.py::TestScoreNormalizer::test_output_clamped_to_unit_interval PASSED [ 19%]
tests/test_crt_fixes.py::TestScoreNormalizer::test_no_division_by_zero_for_zero_inputs PASSED [ 19%]
tests/test_crt_fixes.py::TestEngineHealthTracker::test_zero_only_engine_is_dead PASSED [ 19%]
tests/test_crt_fixes.py::TestEngineHealthTracker::test_mixed_engine_is_not_dead PASSED [ 19%]
tests/test_crt_fixes.py::TestEngineHealthTracker::test_insufficient_samples_not_dead PASSED [ 19%]
tests/test_crt_fixes.py::TestEngineHealthTracker::test_window_eviction_reactivates PASSED [ 19%]
tests/test_crt_fixes.py::TestEngineHealthTracker::test_constant_nonzero_not_dead PASSED [ 20%]
tests/test_crt_fixes.py::TestDynamicThreshold::test_cold_start_returns_midpoint PASSED [ 20%]
tests/test_crt_fixes.py::TestDynamicThreshold::test_threshold_within_clamp PASSED [ 20%]
tests/test_crt_fixes.py::TestDynamicThreshold::test_all_low_scores_clamp_to_min PASSED [ 20%]
tests/test_crt_fixes.py::TestDynamicThreshold::test_all_high_scores_clamp_to_max PASSED [ 20%]
tests/test_crt_fixes.py::TestDynamicThreshold::test_n_samples_tracks_updates PASSED [ 20%]
tests/test_crt_fixes.py::TestDecisionEngineBatch::test_fallback_fires_when_zero_accepted PASSED [ 20%]
tests/test_crt_fixes.py::TestDecisionEngineBatch::test_batch_empty_returns_empty PASSED [ 20%]
tests/test_crt_fixes.py::TestDecisionEngineBatch::test_normal_signals_pass_without_fallback PASSED [ 20%]
tests/test_crt_fixes.py::TestDeadZoneGatBypass::test_dead_zone_gate_does_not_block PASSED [ 20%]
tests/test_crt_fixes.py::TestDeadZoneGatBypass::test_live_invalid_zone_gate_still_blocks PASSED [ 20%]
tests/test_crt_fixes.py::TestLoggingFields::test_fusion_result_has_logging_fields PASSED [ 20%]
tests/test_crt_fixes.py::TestLoggingFields::test_decision_result_has_logging_fields PASSED [ 21%]
tests/test_crt_fixes.py::TestLoggingFields::test_evaluate_always_includes_threshold_used PASSED [ 21%]
tests/test_crt_fixes.py::TestIntegration::test_compressed_scores_yield_accepts PASSED [ 21%]
tests/test_crt_fixes.py::TestIntegration::test_no_silent_failures_on_extreme_inputs PASSED [ 21%]
tests/test_crt_session_filter.py::test_crtconfig_default_allowed_sessions PASSED [ 21%]
tests/test_crt_session_filter.py::test_session_resolution_london PASSED  [ 21%]
tests/test_crt_session_filter.py::test_session_resolution_asia_blocked PASSED [ 21%]
tests/test_crt_session_filter.py::test_session_resolution_off_session_blocked PASSED [ 21%]
tests/test_crt_session_filter.py::test_allowed_sessions_normalization_via_dataclass_replace PASSED [ 21%]
tests/test_disp_strength_filter.py::TestDispStrengthFilter::test_high_disp_rejects_retest PASSED [ 21%]
tests/test_disp_strength_filter.py::TestDispStrengthFilter::test_normal_disp_allows_retest PASSED [ 21%]
tests/test_disp_strength_filter.py::TestDispStrengthFilter::test_exact_threshold_allowed PASSED [ 21%]
tests/test_disp_strength_filter.py::TestDispStrengthFilter::test_custom_threshold PASSED [ 22%]
tests/test_disp_strength_filter.py::TestCRTConfigDispStrengthField::test_default_value PASSED [ 22%]
tests/test_disp_strength_filter.py::TestCRTConfigDispStrengthField::test_override_via_replace PASSED [ 22%]
tests/test_disp_strength_filter.py::TestCRTConfigDispStrengthField::test_prod_config_loads_field PASSED [ 22%]
tests/test_engine_runner_dual_gate.py::test_dual_gate_trend_selects_breakout FAILED [ 22%]
tests/test_engine_runner_dual_gate.py::test_dual_gate_range_selects_trap FAILED [ 22%]
tests/test_engine_runner_dual_gate.py::test_dual_gate_neutral_low_confidence_rejects FAILED [ 22%]
tests/test_engine_runner_dual_gate.py::test_layered_flow_fusion_runs_before_dual_veto FAILED [ 22%]
tests/test_engine_runner_rr_fusion.py::test_rr_fusion_applies_score_before_fusion FAILED [ 22%]
tests/test_engine_runner_rr_fusion.py::test_rr_fusion_failure_falls_back_to_base_rr FAILED [ 22%]
tests/test_engine_runner_rr_fusion.py::test_weighted_vote_falls_back_when_fusion_cfg_missing PASSED [ 22%]
tests/test_engine_runner_rr_fusion.py::test_fusion_compare_mode_records_evaluate_shadow FAILED [ 22%]
tests/test_engine_runner_rr_fusion.py::test_fusion_use_evaluate_overrides_final_score FAILED [ 22%]
tests/test_evaluator.py::test_pearson_perfect_positive PASSED            [ 23%]
tests/test_evaluator.py::test_pearson_perfect_negative PASSED            [ 23%]
tests/test_evaluator.py::test_pearson_returns_zero_for_n_less_than_3 PASSED [ 23%]
tests/test_evaluator.py::test_pearson_zero_variance_xs_returns_zero PASSED [ 23%]
tests/test_evaluator.py::test_pearson_zero_variance_ys_returns_zero PASSED [ 23%]
tests/test_evaluator.py::test_pearson_known_value PASSED                 [ 23%]
tests/test_evaluator.py::test_composite_score_no_high_confidence_buckets PASSED [ 23%]
tests/test_evaluator.py::test_composite_score_with_full_high_confidence_buckets PASSED [ 23%]
tests/test_evaluator.py::test_composite_score_all_zeros PASSED           [ 23%]
tests/test_evaluator.py::test_composite_score_only_elite_bucket_present PASSED [ 23%]
tests/test_evaluator.py::test_evaluate_gaussian_empty_X_returns_zero_result PASSED [ 23%]
tests/test_evaluator.py::test_evaluate_gaussian_result_has_all_required_fields PASSED [ 23%]
tests/test_evaluator.py::test_evaluate_gaussian_n_samples_matches_input PASSED [ 24%]
tests/test_evaluator.py::test_evaluate_gaussian_corr_in_valid_range PASSED [ 24%]
tests/test_evaluator.py::test_evaluate_gaussian_calibration_error_non_negative PASSED [ 24%]
tests/test_evaluator.py::test_evaluate_gaussian_class_distribution_sums_to_n PASSED [ 24%]
tests/test_evaluator.py::test_evaluate_gaussian_class_distribution_has_four_classes PASSED [ 24%]
tests/test_evaluator.py::test_should_update_approves_when_both_better PASSED [ 24%]
tests/test_evaluator.py::test_should_update_blocks_when_corr_passes_but_calibration_worsens PASSED [ 24%]
tests/test_evaluator.py::test_should_update_blocks_when_calibration_passes_but_corr_insufficient PASSED [ 24%]
tests/test_evaluator.py::test_should_update_blocks_when_neither_improves PASSED [ 24%]
tests/test_evaluator.py::test_should_update_at_exact_margin_boundary_is_blocked PASSED [ 24%]
tests/test_evaluator.py::test_should_update_default_margin_is_point_zero_two PASSED [ 24%]
tests/test_evaluator.py::test_should_update_returns_string_reason_always PASSED [ 24%]
tests/test_execution_contract_v1.py::TestBuildTradeGuards::test_returns_none_when_active_range_is_none PASSED [ 25%]
tests/test_execution_contract_v1.py::TestBuildTradeGuards::test_returns_none_when_sweep_event_is_none PASSED [ 25%]
tests/test_execution_contract_v1.py::TestBuildTradeGuards::test_returns_none_when_both_range_and_sweep_none PASSED [ 25%]
tests/test_execution_contract_v1.py::TestBuildTradeGuards::test_returns_none_when_displacement_candle_is_none PASSED [ 25%]
tests/test_execution_contract_v1.py::TestBuildTradeGuards::test_returns_none_when_direction_is_none PASSED [ 25%]
tests/test_execution_contract_v1.py::TestBuildTradeGuards::test_retest_candle_none_fails PASSED [ 25%]
tests/test_execution_contract_v1.py::TestBuildTradeGuards::test_zero_atr_produces_inverted_sl_rejection PASSED [ 25%]
tests/test_execution_contract_v1.py::TestBuildTradeImmutability::test_lineage_objects_not_replaced_on_success PASSED [ 25%]
tests/test_execution_contract_v1.py::TestBuildTradeImmutability::test_lineage_objects_not_replaced_on_guard_failure PASSED [ 25%]
tests/test_execution_contract_v1.py::TestBuildTradeImmutability::test_cached_features_not_mutated PASSED [ 25%]
tests/test_execution_contract_v1.py::TestBuildTradeOutputCorrectness::test_trade_direction_matches_state PASSED [ 25%]
tests/test_execution_contract_v1.py::TestBuildTradeOutputCorrectness::test_trade_entry_is_retest_candle_close PASSED [ 25%]
tests/test_execution_contract_v1.py::TestBuildTradeOutputCorrectness::test_trade_sl_below_entry_for_long PASSED [ 25%]
tests/test_execution_contract_v1.py::TestBuildTradeOutputCorrectness::test_trade_tp1_above_entry_for_long PASSED [ 26%]
tests/test_execution_contract_v1.py::TestBuildTradeOutputCorrectness::test_trade_tp2_above_tp1_for_long PASSED [ 26%]
tests/test_execution_loop.py::test_alert_send_returns_dict PASSED        [ 26%]
tests/test_execution_loop.py::test_alert_external_hook_called PASSED     [ 26%]
tests/test_execution_loop.py::test_alert_hook_failure_doesnt_crash PASSED [ 26%]
tests/test_execution_loop.py::test_alert_stdout_print PASSED             [ 26%]
tests/test_execution_loop.py::test_override_execute_on_y PASSED          [ 26%]
tests/test_execution_loop.py::test_override_skip_on_n PASSED             [ 26%]
tests/test_execution_loop.py::test_override_reduce_on_r PASSED           [ 26%]
tests/test_execution_loop.py::test_override_timeout_skip PASSED          [ 26%]
tests/test_execution_loop.py::test_override_auto_execute_bypasses PASSED [ 26%]
tests/test_execution_loop.py::test_loop_happy_path_executes_signal PASSED [ 26%]
tests/test_execution_loop.py::test_loop_paused_skips_processing PASSED   [ 27%]
tests/test_execution_loop.py::test_loop_allocator_reject_skips PASSED    [ 27%]
tests/test_execution_loop.py::test_loop_risk_gate_block_skips PASSED     [ 27%]
tests/test_execution_loop.py::test_loop_override_skip_skips PASSED       [ 27%]
tests/test_execution_loop.py::test_loop_override_reduce_shrinks_risk PASSED [ 27%]
tests/test_execution_loop.py::test_loop_no_signals_returns_empty PASSED  [ 27%]
tests/test_execution_loop.py::test_loop_max_ticks_terminates PASSED      [ 27%]
tests/test_execution_loop.py::test_system_state_pause_resume PASSED      [ 27%]
tests/test_execution_loop.py::test_system_state_stop PASSED              [ 27%]
tests/test_execution_planner.py::test_breakout_long_approve PASSED       [ 27%]
tests/test_execution_planner.py::test_breakout_short_approve PASSED      [ 27%]
tests/test_execution_planner.py::test_pullback_long_approve PASSED       [ 27%]
tests/test_execution_planner.py::test_pullback_short_approve PASSED      [ 28%]
tests/test_execution_planner.py::test_liq_sweep_long_approve PASSED      [ 28%]
tests/test_execution_planner.py::test_liq_sweep_short_approve PASSED     [ 28%]
tests/test_execution_planner.py::test_double_sweep_triggers_liq_sweep PASSED [ 28%]
tests/test_execution_planner.py::test_reversal_long_when_ema_fast_lt_ema_slow PASSED [ 28%]
tests/test_execution_planner.py::test_reversal_short_when_ema_fast_gt_ema_slow PASSED [ 28%]
tests/test_execution_planner.py::test_reject_engine_decision_not_execute PASSED [ 28%]
tests/test_execution_planner.py::test_reject_engine_decision_hold PASSED [ 28%]
tests/test_execution_planner.py::test_reject_missing_required_feature PASSED [ 28%]
tests/test_execution_planner.py::test_reject_multiple_missing_features PASSED [ 28%]
tests/test_execution_planner.py::test_reject_invalid_close_zero PASSED   [ 28%]
tests/test_execution_planner.py::test_reject_invalid_close_negative PASSED [ 28%]
tests/test_execution_planner.py::test_reject_invalid_atr_zero PASSED     [ 29%]
tests/test_execution_planner.py::test_reject_high_not_above_low PASSED   [ 29%]
tests/test_execution_planner.py::test_reject_invalid_direction_zero PASSED [ 29%]
tests/test_execution_planner.py::test_reject_invalid_direction_value PASSED [ 29%]
tests/test_execution_planner.py::test_reject_unknown_intent_by_default PASSED [ 29%]
tests/test_execution_planner.py::test_allow_unknown_intent_when_configured PASSED [ 29%]
tests/test_execution_planner.py::test_gate_reject_weak_signal PASSED     [ 29%]
tests/test_execution_planner.py::test_intent_classification_breakout PASSED [ 29%]
tests/test_execution_planner.py::test_intent_classification_pullback PASSED [ 29%]
tests/test_execution_planner.py::test_intent_classification_liq_sweep_single PASSED [ 29%]
tests/test_execution_planner.py::test_intent_classification_liq_sweep_double PASSED [ 29%]
tests/test_execution_planner.py::test_intent_classification_reversal PASSED [ 29%]
tests/test_execution_planner.py::test_ttl_breakout_matches_config PASSED [ 29%]
tests/test_execution_planner.py::test_ttl_liq_sweep_matches_config PASSED [ 30%]
tests/test_execution_planner.py::test_expires_at_is_in_future PASSED     [ 30%]
tests/test_execution_planner.py::test_precision_default_is_8_decimal_places PASSED [ 30%]
tests/test_execution_planner.py::test_precision_override_xauusd_is_2 PASSED [ 30%]
tests/test_execution_planner.py::test_precision_override_btcusdt_is_2 PASSED [ 30%]
tests/test_execution_planner.py::test_execution_id_is_deterministic PASSED [ 30%]
tests/test_execution_planner.py::test_execution_id_changes_with_entry_price PASSED [ 30%]
tests/test_execution_planner.py::test_execution_id_starts_with_EX PASSED [ 30%]
tests/test_execution_planner.py::test_defaults_preserved_when_no_config PASSED [ 30%]
tests/test_execution_planner.py::test_partial_config_preserves_remaining_defaults PASSED [ 30%]
tests/test_execution_planner.py::test_gate_threshold_override PASSED     [ 30%]
tests/test_execution_planner.py::test_execute_result_has_required_keys PASSED [ 30%]
tests/test_execution_planner.py::test_execute_result_has_no_sl_tp_keys PASSED [ 31%]
tests/test_execution_planner.py::test_gate_result_embedded_in_execute PASSED [ 31%]
tests/test_execution_planner.py::test_gate_result_embedded_in_reject_gate PASSED [ 31%]
tests/test_execution_planner.py::test_reject_result_has_trace PASSED     [ 31%]
tests/test_expansion_engine.py::test_mutate_decrease PASSED              [ 31%]
tests/test_expansion_engine.py::test_mutate_increase PASSED              [ 31%]
tests/test_expansion_engine.py::test_mutate_clips_to_floor PASSED        [ 31%]
tests/test_expansion_engine.py::test_mutate_respects_max_param_change PASSED [ 31%]
tests/test_expansion_engine.py::test_mutate_raises_for_unknown_param PASSED [ 31%]
tests/test_expansion_engine.py::test_evaluator_score_higher_for_better_pnl PASSED [ 31%]
tests/test_expansion_engine.py::test_guardrails_pass_normal PASSED       [ 31%]
tests/test_expansion_engine.py::test_guardrails_fail_pnl_drop PASSED     [ 31%]
tests/test_expansion_engine.py::test_guardrails_fail_drawdown PASSED     [ 32%]
tests/test_expansion_engine.py::test_tier_classification PASSED          [ 32%]
tests/test_expansion_engine.py::test_expansion_candidate_construction PASSED [ 32%]
tests/test_expansion_engine.py::test_expansion_plan_defaults PASSED      [ 32%]
tests/test_expansion_engine.py::test_expansion_engine_run_with_mocked_backtest PASSED [ 32%]
tests/test_expansion_engine.py::test_expansion_engine_stops_on_pnl_drop PASSED [ 32%]
tests/test_expansion_governance_bridge.py::test_viability_passes_good_metrics PASSED [ 32%]
tests/test_expansion_governance_bridge.py::test_viability_fails_negative_pnl PASSED [ 32%]
tests/test_expansion_governance_bridge.py::test_viability_fails_zero_pnl PASSED [ 32%]
tests/test_expansion_governance_bridge.py::test_viability_fails_high_drawdown PASSED [ 32%]
tests/test_expansion_governance_bridge.py::test_viability_fails_low_trades PASSED [ 32%]
tests/test_expansion_governance_bridge.py::test_viability_filter_removes_bad_results PASSED [ 32%]
tests/test_expansion_governance_bridge.py::test_diff_from_base_detects_changes PASSED [ 32%]
tests/test_expansion_governance_bridge.py::test_diff_from_base_empty_when_identical PASSED [ 33%]
tests/test_expansion_governance_bridge.py::test_bridge_staged_when_all_viable PASSED [ 33%]
tests/test_expansion_governance_bridge.py::test_bridge_empty_staged_when_no_viable PASSED [ 33%]
tests/test_expansion_governance_bridge.py::test_bridge_hard_assertion_blocks_pnl_below_baseline PASSED [ 33%]
tests/test_expansion_governance_bridge.py::test_bridge_history_log_written PASSED [ 33%]
tests/test_expansion_governance_bridge.py::test_bridge_result_always_has_required_keys PASSED [ 33%]
tests/test_feature_pipeline.py::test_schema_completeness PASSED          [ 33%]
tests/test_feature_pipeline.py::test_vector_size PASSED                  [ 33%]
tests/test_feature_pipeline.py::test_vector_row_count_matches_df PASSED  [ 33%]
tests/test_feature_pipeline.py::test_no_nan_in_vectors PASSED            [ 33%]
tests/test_feature_pipeline.py::test_no_nan_in_dataframe PASSED          [ 33%]
tests/test_feature_pipeline.py::test_deterministic_same_seed PASSED      [ 33%]
tests/test_feature_pipeline.py::test_deterministic_feature_order PASSED  [ 34%]
tests/test_feature_pipeline.py::test_zero_volume_ratio PASSED            [ 34%]
tests/test_feature_pipeline.py::test_zero_volume_no_spike PASSED         [ 34%]
tests/test_feature_pipeline.py::test_missing_volume_column PASSED        [ 34%]
tests/test_feature_pipeline.py::test_break_of_structure_valid_values PASSED [ 34%]
tests/test_feature_pipeline.py::test_liquidity_sweep_valid_values PASSED [ 34%]
tests/test_feature_pipeline.py::test_higher_high_lower_low_binary PASSED [ 34%]
tests/test_feature_pipeline.py::test_swing_high_implies_higher_high_possible PASSED [ 34%]
tests/test_feature_pipeline.py::test_retest_flag_uses_recent_sweep_not_bos PASSED [ 34%]
tests/test_feature_pipeline.py::test_disp_strength_nonzero_without_bos PASSED [ 34%]
tests/test_feature_pipeline.py::test_missing_required_column PASSED      [ 34%]
tests/test_feature_pipeline.py::test_vector_dtype_float32 PASSED         [ 34%]
tests/test_feature_pipeline.py::test_warmup_rows_dropped PASSED          [ 35%]
tests/test_feature_pipeline.py::test_volatility_regime_values PASSED     [ 35%]
tests/test_feature_pipeline.py::test_session_encoding PASSED             [ 35%]
tests/test_feature_pipeline.py::test_normalized_features_mean_std PASSED [ 35%]
tests/test_feature_pipeline.py::test_validator_exact_match PASSED        [ 35%]
tests/test_feature_pipeline.py::test_validator_missing_feature PASSED    [ 35%]
tests/test_feature_pipeline.py::test_validator_extra_feature PASSED      [ 35%]
tests/test_feature_pipeline.py::test_validator_order_integrity PASSED    [ 35%]
tests/test_feature_pipeline.py::test_canonical_features_is_tuple PASSED  [ 35%]
tests/test_feature_pipeline.py::test_feature_index_map_completeness PASSED [ 35%]
tests/test_feature_pipeline.py::test_pipeline_monitor_populated_after_run PASSED [ 35%]
tests/test_feature_pipeline.py::test_pipeline_monitor_injected_instance_is_shared PASSED [ 35%]
tests/test_feature_pipeline.py::test_pipeline_monitor_no_drift_on_clean_data PASSED [ 35%]
tests/test_feature_pipeline.py::test_pipeline_monitor_detects_extreme_drift PASSED [ 36%]
tests/test_finalize_survivorship.py::TestFinalizeSurvivorship::test_finalize_drop_pct_within_budget PASSED [ 36%]
tests/test_finalize_survivorship.py::TestFinalizeSurvivorship::test_retest_depth_has_no_nan PASSED [ 36%]
tests/test_finalize_survivorship.py::TestFinalizeSurvivorship::test_retest_depth_non_negative PASSED [ 36%]
tests/test_finalize_survivorship.py::TestFinalizeSurvivorship::test_non_retest_bars_have_zero_retest_depth PASSED [ 36%]
tests/test_finalize_survivorship.py::TestFinalizeSurvivorship::test_feature_vectors_no_nan PASSED [ 36%]
tests/test_finalize_survivorship.py::TestFinalizeSurvivorship::test_enriched_row_count_exceeds_warmup_floor PASSED [ 36%]
tests/test_fusion_and_validator_regression.py::test_fusion_accepts_engine_results_without_canonical_validation PASSED [ 36%]
tests/test_fusion_and_validator_regression.py::test_convergence_layered_uses_weighted_score_not_flat_average PASSED [ 36%]
tests/test_fusion_and_validator_regression.py::test_fusion_compute_passes_weighted_score_to_convergence PASSED [ 36%]
tests/test_fusion_and_validator_regression.py::test_fusion_weighted_score_reflects_config_weights PASSED [ 36%]
tests/test_fusion_and_validator_regression.py::test_fusion_weighted_score_is_not_flat_average PASSED [ 36%]
tests/test_fusion_and_validator_regression.py::test_fusion_config_defaults_match_production_config PASSED [ 37%]
tests/test_fusion_and_validator_regression.py::test_fusion_conservative_rejects_directional_conflict PASSED [ 37%]
tests/test_fusion_and_validator_regression.py::test_fusion_majority_resolves_conflict PASSED [ 37%]
tests/test_fusion_and_validator_regression.py::test_fusion_majority_tie_falls_back_to_conservative PASSED [ 37%]
tests/test_fusion_and_validator_regression.py::test_fusion_no_conflict_when_directions_agree PASSED [ 37%]
tests/test_fusion_and_validator_regression.py::test_validate_vector_uses_len_not_shape_tuple PASSED [ 37%]
tests/test_gate_intelligence.py::TestDeterminism::test_decide_same_output_multiple_calls PASSED [ 37%]
tests/test_gate_intelligence.py::TestDeterminism::test_decide_independent_instances_same_result PASSED [ 37%]
tests/test_gate_intelligence.py::TestDeterminism::test_compute_crt_levels_deterministic PASSED [ 37%]
tests/test_gate_intelligence.py::TestDeterminism::test_compute_crt_levels_long_formula PASSED [ 37%]
tests/test_gate_intelligence.py::TestDeterminism::test_compute_crt_levels_short_formula PASSED [ 37%]
tests/test_gate_intelligence.py::TestDeterminism::test_compute_crt_levels_custom_buffer PASSED [ 37%]
tests/test_gate_intelligence.py::TestThreshold::test_strong_liq_sweep_approves_at_default_threshold PASSED [ 38%]
tests/test_gate_intelligence.py::TestThreshold::test_weak_features_rejected_at_high_threshold PASSED [ 38%]
tests/test_gate_intelligence.py::TestThreshold::test_threshold_099_rejects_average_breakout PASSED [ 38%]
tests/test_gate_intelligence.py::TestThreshold::test_threshold_zero_always_approves PASSED [ 38%]
tests/test_gate_intelligence.py::TestThreshold::test_rejection_reason_contains_keyword_and_threshold PASSED [ 38%]
tests/test_gate_intelligence.py::TestThreshold::test_approval_reason_contains_approved_keyword PASSED [ 38%]
tests/test_gate_intelligence.py::TestThreshold::test_compute_crt_levels_raises_on_zero_atr PASSED [ 38%]
tests/test_gate_intelligence.py::TestThreshold::test_compute_crt_levels_raises_on_bad_direction PASSED [ 38%]
tests/test_gate_intelligence.py::TestThreshold::test_compute_crt_levels_raises_on_negative_atr PASSED [ 38%]
tests/test_gate_intelligence.py::TestComponents::test_intent_breakout_increases_with_body_and_disp PASSED [ 38%]
tests/test_gate_intelligence.py::TestComponents::test_intent_unknown_is_always_zero PASSED [ 38%]
tests/test_gate_intelligence.py::TestComponents::test_intent_liq_sweep_double_beats_single PASSED [ 38%]
tests/test_gate_intelligence.py::TestComponents::test_intent_liq_sweep_no_sweeps_is_zero PASSED [ 38%]
tests/test_gate_intelligence.py::TestComponents::test_intent_pullback_perfect_depth_scores_highest PASSED [ 39%]
tests/test_gate_intelligence.py::TestComponents::test_intent_reversal_low_momentum_scores_high PASSED [ 39%]
tests/test_gate_intelligence.py::TestComponents::test_vol_score_is_1_when_range_equals_atr PASSED [ 39%]
tests/test_gate_intelligence.py::TestComponents::test_vol_score_zero_on_zero_atr PASSED [ 39%]
tests/test_gate_intelligence.py::TestComponents::test_vol_score_decreases_as_range_exceeds_3x_atr PASSED [ 39%]
tests/test_gate_intelligence.py::TestComponents::test_structure_ema_aligned_long_beats_misaligned PASSED [ 39%]
tests/test_gate_intelligence.py::TestComponents::test_structure_ema_aligned_short PASSED [ 39%]
tests/test_gate_intelligence.py::TestComponents::test_weight_intent_zero_removes_intent_contribution PASSED [ 39%]
tests/test_gate_intelligence.py::TestComponents::test_all_weights_zero_produces_score_zero PASSED [ 39%]
tests/test_gate_intelligence.py::TestComponents::test_final_score_bounded_0_to_1_all_intents_and_directions PASSED [ 39%]
tests/test_gate_intelligence.py::TestComponents::test_components_all_bounded_0_to_1 PASSED [ 39%]
tests/test_gate_intelligence.py::TestComponents::test_final_score_missing_optional_features PASSED [ 39%]
tests/test_gate_intelligence.py::TestComponents::test_decide_result_has_required_keys PASSED [ 40%]
tests/test_gate_intelligence.py::TestComponents::test_approved_is_bool PASSED [ 40%]
tests/test_gate_intelligence.py::TestComponents::test_final_score_is_float PASSED [ 40%]
tests/test_gate_sync.py::test_fitness_weight_sync PASSED                 [ 40%]
tests/test_gate_sync.py::test_fitness_weights_sum_to_one PASSED          [ 40%]
tests/test_gate_sync.py::test_tuner_fitness_weights_sum_to_one PASSED    [ 40%]
tests/test_gate_sync.py::test_expected_keys_present PASSED               [ 40%]
tests/test_gate_sync.py::test_tuner_expected_keys_present PASSED         [ 40%]
tests/test_gate_sync.py::test_no_extra_keys PASSED                       [ 40%]
tests/test_gaussian_impl_switch.py::test_tradenet_schema_is_32 PASSED    [ 40%]
tests/test_gaussian_impl_switch.py::test_gaussian_schema_is_32 PASSED    [ 40%]
tests/test_gaussian_impl_switch.py::test_schema_object_attribute_and_dict_access PASSED [ 40%]
tests/test_gaussian_impl_switch.py::test_validate_vector_with_label PASSED [ 41%]
tests/test_gaussian_impl_switch.py::test_validate_vector_raises_on_mismatch PASSED [ 41%]
tests/test_gaussian_impl_switch.py::test_trainer_n_features_is_32 PASSED [ 41%]
tests/test_gaussian_impl_switch.py::test_heuristic_engine_import PASSED  [ 41%]
tests/test_gaussian_impl_switch.py::test_ml_engine_import PASSED         [ 41%]
tests/test_gaussian_impl_switch.py::test_gaussian_engine_is_heuristic_alias PASSED [ 41%]
tests/test_gaussian_impl_switch.py::test_heuristic_engine_compute_32dim PASSED [ 41%]
tests/test_gaussian_impl_switch.py::test_ml_engine_fallback_no_model PASSED [ 41%]
tests/test_gaussian_impl_switch.py::test_engine_runner_default_is_heuristic PASSED [ 41%]
tests/test_gaussian_impl_switch.py::test_engine_runner_ml_impl FAILED    [ 41%]
tests/test_gaussian_impl_switch.py::test_engine_runner_heuristic_explicit PASSED [ 41%]
tests/test_gaussian_impl_switch.py::test_engine_runner_config_override PASSED [ 41%]
tests/test_gaussian_impl_switch.py::test_feature_dict_to_vector_returns_32 PASSED [ 41%]
tests/test_gaussian_update_pipeline.py::test_abort_on_insufficient_data PASSED [ 42%]
tests/test_gaussian_update_pipeline.py::test_phase5_rejection_skips_registration PASSED [ 42%]
tests/test_gaussian_update_pipeline.py::test_happy_path_approved_and_promoted PASSED [ 42%]
tests/test_gaussian_update_pipeline.py::test_promote_false_skips_promotion PASSED [ 42%]
tests/test_gaussian_update_pipeline.py::test_force_promote_forwarded PASSED [ 42%]
tests/test_gaussian_update_pipeline.py::test_version_passed_to_register PASSED [ 42%]
tests/test_gaussian_update_pipeline.py::test_result_shape_across_paths[False-True] SKIPPED [ 42%]
tests/test_gaussian_update_pipeline.py::test_result_shape_across_paths[True-False] PASSED [ 42%]
tests/test_gaussian_update_pipeline.py::test_result_shape_across_paths[True-True] PASSED [ 42%]
tests/test_live_integration.py::TestTelegramBridge::test_disabled_send_returns_false PASSED [ 42%]
tests/test_live_integration.py::TestTelegramBridge::test_dry_run_send_returns_true PASSED [ 42%]
tests/test_live_integration.py::TestTelegramBridge::test_no_token_not_configured PASSED [ 42%]
tests/test_live_integration.py::TestTelegramBridge::test_no_chat_id_not_configured PASSED [ 43%]
tests/test_live_integration.py::TestTelegramBridge::test_send_signal_alert_dry_run PASSED [ 43%]
tests/test_live_integration.py::TestTelegramBridge::test_send_kill_switch_dry_run PASSED [ 43%]
tests/test_live_integration.py::TestTelegramBridge::test_send_daily_summary_dry_run PASSED [ 43%]
tests/test_live_integration.py::TestTelegramBridge::test_send_with_strategy_scores PASSED [ 43%]
tests/test_live_integration.py::TestTelegramBridge::test_network_error_swallowed PASSED [ 43%]
tests/test_live_integration.py::TestTelegramBridge::test_from_prod_config_returns_instance PASSED [ 43%]
tests/test_live_integration.py::TestMT5Bridge::test_disabled_send_returns_none PASSED [ 43%]
tests/test_live_integration.py::TestMT5Bridge::test_dry_run_send_returns_sentinel PASSED [ 43%]
tests/test_live_integration.py::TestMT5Bridge::test_dry_run_close_returns_true PASSED [ 43%]
tests/test_live_integration.py::TestMT5Bridge::test_dry_run_account_info_has_marker PASSED [ 43%]
tests/test_live_integration.py::TestMT5Bridge::test_lot_clamped_to_min PASSED [ 43%]
tests/test_live_integration.py::TestMT5Bridge::test_lot_clamped_to_max PASSED [ 44%]
tests/test_live_integration.py::TestMT5Bridge::test_connect_dry_run_succeeds PASSED [ 44%]
tests/test_live_integration.py::TestMT5Bridge::test_disabled_bridge_not_connected PASSED [ 44%]
tests/test_live_integration.py::TestMT5Bridge::test_from_prod_config_returns_instance PASSED [ 44%]
tests/test_live_integration.py::TestRegisterTradeOutcome::test_profit_does_not_trip PASSED [ 44%]
tests/test_live_integration.py::TestRegisterTradeOutcome::test_large_loss_trips PASSED [ 44%]
tests/test_live_integration.py::TestRegisterTradeOutcome::test_already_tripped_returns_false PASSED [ 44%]
tests/test_live_integration.py::TestRegisterTradeOutcome::test_ks_unavailable_returns_false PASSED [ 44%]
tests/test_live_integration.py::TestSingletonGetters::test_get_kill_switch_returns_instance PASSED [ 44%]
tests/test_live_integration.py::TestSingletonGetters::test_get_telegram_returns_instance PASSED [ 44%]
tests/test_live_integration.py::TestSingletonGetters::test_get_mt5_returns_instance PASSED [ 44%]
tests/test_llm_connectivity.py::TestBuildPrompt::test_returns_string PASSED [ 44%]
tests/test_llm_connectivity.py::TestBuildPrompt::test_contains_score_label PASSED [ 45%]
tests/test_llm_connectivity.py::TestBuildPrompt::test_contains_win_rate PASSED [ 45%]
tests/test_llm_connectivity.py::TestBuildPrompt::test_contains_trade_count PASSED [ 45%]
tests/test_llm_connectivity.py::TestBuildPrompt::test_deterministic PASSED [ 45%]
tests/test_llm_connectivity.py::TestBuildPrompt::test_missing_keys_default_to_zero PASSED [ 45%]
tests/test_llm_connectivity.py::TestLlmScore::test_happy_path_valid_float PASSED [ 45%]
tests/test_llm_connectivity.py::TestLlmScore::test_score_clamped_above_one PASSED [ 45%]
tests/test_llm_connectivity.py::TestLlmScore::test_score_clamped_below_zero PASSED [ 45%]
tests/test_llm_connectivity.py::TestLlmScore::test_unparseable_output_returns_one FAILED [ 45%]
tests/test_llm_connectivity.py::TestLlmScore::test_timeout_returns_one FAILED [ 45%]
tests/test_llm_connectivity.py::TestLlmScore::test_url_error_returns_one FAILED [ 45%]
tests/test_llm_connectivity.py::TestLlmScore::test_generic_exception_returns_one FAILED [ 45%]
tests/test_llm_connectivity.py::TestLlmScore::test_custom_endpoint_used PASSED [ 45%]
tests/test_llm_connectivity.py::TestLlmScore::test_audit_log_written_on_success PASSED [ 46%]
tests/test_llm_connectivity.py::TestLlmScore::test_audit_log_groq_fallback_on_url_error PASSED [ 46%]
tests/test_llm_connectivity.py::TestLlmScore::test_audit_log_groq_fallback_on_timeout PASSED [ 46%]
tests/test_llm_connectivity.py::TestLlmScore::test_failopen_when_both_backends_down FAILED [ 46%]
tests/test_llm_connectivity.py::TestLlmScore::test_local_success_skips_groq PASSED [ 46%]
tests/test_llm_connectivity.py::TestLlmScore::test_audit_log_appends_multiple_records PASSED [ 46%]
tests/test_llm_connectivity.py::TestLlmScore::test_audit_log_failure_does_not_raise PASSED [ 46%]
tests/test_llm_connectivity.py::TestGroqScore::test_valid_float_returned PASSED [ 46%]
tests/test_llm_connectivity.py::TestGroqScore::test_unparseable_returns_one FAILED [ 46%]
tests/test_llm_connectivity.py::TestGroqScore::test_unavailable_returns_one_empty FAILED [ 46%]
tests/test_llm_connectivity.py::TestGroqScore::test_request_error_returns_one FAILED [ 46%]
tests/test_llm_connectivity.py::TestGroqScore::test_uses_configured_model PASSED [ 46%]
tests/test_llm_connectivity.py::TestLlmScoreSafe::test_success_resets_fail_count_to_zero PASSED [ 47%]
tests/test_llm_connectivity.py::TestLlmScoreSafe::test_server_down_returns_one_fail_open FAILED [ 47%]
tests/test_llm_connectivity.py::TestLlmScoreSafe::test_timeout_returns_one_fail_open FAILED [ 47%]
tests/test_llm_connectivity.py::TestLlmScoreSafe::test_always_calls_server PASSED [ 47%]
tests/test_llm_connectivity.py::TestLlmScoreBatch::test_empty_list_returns_empty PASSED [ 47%]
tests/test_llm_connectivity.py::TestLlmScoreBatch::test_returns_list_of_floats PASSED [ 47%]
tests/test_llm_connectivity.py::TestLlmScoreBatch::test_server_down_safe_mode FAILED [ 47%]
tests/test_llm_connectivity.py::TestLlmScoreBatch::test_server_down_strict_mode_raises PASSED [ 47%]
tests/test_llm_connectivity.py::TestLlmScoreBatch::test_single_item PASSED [ 47%]
tests/test_llm_connectivity.py::TestLlmScoreCached::test_cache_hit_avoids_second_http_call PASSED [ 47%]
tests/test_llm_connectivity.py::TestLlmScoreCached::test_different_keys_invoke_server PASSED [ 47%]
tests/test_llm_connectivity.py::TestBuildInsightPrompt::test_all_valid_report_types_return_string PASSED [ 47%]
tests/test_llm_connectivity.py::TestBuildInsightPrompt::test_missing_placeholders_filled_with_na PASSED [ 48%]
tests/test_llm_connectivity.py::TestBuildInsightPrompt::test_provided_values_appear_in_prompt PASSED [ 48%]
tests/test_llm_connectivity.py::TestBuildInsightPrompt::test_unknown_report_type_raises_value_error PASSED [ 48%]
tests/test_llm_connectivity.py::TestBuildInsightPrompt::test_none_values_converted_to_na PASSED [ 48%]
tests/test_llm_connectivity.py::TestLlmInsight::test_happy_path_returns_server_content PASSED [ 48%]
tests/test_llm_connectivity.py::TestLlmInsight::test_timeout_returns_fallback_string PASSED [ 48%]
tests/test_llm_connectivity.py::TestLlmInsight::test_url_error_returns_fallback PASSED [ 48%]
tests/test_llm_connectivity.py::TestLlmInsight::test_empty_content_returns_fallback PASSED [ 48%]
tests/test_llm_connectivity.py::TestLlmInsight::test_all_report_types_return_string[trade_decision] PASSED [ 48%]
tests/test_llm_connectivity.py::TestLlmInsight::test_all_report_types_return_string[session_summary] PASSED [ 48%]
tests/test_llm_connectivity.py::TestLlmInsight::test_all_report_types_return_string[eval_report] PASSED [ 48%]
tests/test_llm_connectivity.py::TestLlmInsight::test_all_report_types_return_string[backtest_summary] PASSED [ 48%]
tests/test_llm_connectivity.py::TestLlmInsight::test_all_report_types_return_string[regime_alert] PASSED [ 48%]
tests/test_llm_connectivity.py::TestLlmChat::test_local_server_success PASSED [ 49%]
tests/test_llm_connectivity.py::TestLlmChat::test_local_fail_groq_fallback PASSED [ 49%]
tests/test_llm_connectivity.py::TestLlmChat::test_both_fail_returns_empty_string PASSED [ 49%]
tests/test_llm_connectivity.py::TestLlmChat::test_groq_disabled_local_fail_returns_empty PASSED [ 49%]
tests/test_llm_connectivity.py::TestLlmChat::test_circuit_breaker_still_returns_empty_string_past_threshold PASSED [ 49%]
tests/test_llm_connectivity.py::TestLlmChat::test_prompt_contains_role_markers PASSED [ 49%]
tests/test_llm_connectivity.py::TestFallbackInsight::test_returns_nonempty_string[trade_decision] PASSED [ 49%]
tests/test_llm_connectivity.py::TestFallbackInsight::test_returns_nonempty_string[session_summary] PASSED [ 49%]
tests/test_llm_connectivity.py::TestFallbackInsight::test_returns_nonempty_string[eval_report] PASSED [ 49%]
tests/test_llm_connectivity.py::TestFallbackInsight::test_returns_nonempty_string[backtest_summary] PASSED [ 49%]
tests/test_llm_connectivity.py::TestFallbackInsight::test_returns_nonempty_string[regime_alert] PASSED [ 49%]
tests/test_llm_connectivity.py::TestFallbackInsight::test_unknown_type_returns_stringified_context PASSED [ 49%]
tests/test_llm_connectivity.py::TestFallbackInsight::test_trade_decision_includes_decision_and_reason PASSED [ 50%]
tests/test_llm_connectivity.py::TestFallbackInsight::test_session_summary_includes_symbol PASSED [ 50%]
tests/test_llm_connectivity.py::TestFallbackInsight::test_regime_alert_shows_regime_transition PASSED [ 50%]
tests/test_llm_connectivity.py::TestLoadDotenv::test_simple_key_value PASSED [ 50%]
tests/test_llm_connectivity.py::TestLoadDotenv::test_double_quoted_value PASSED [ 50%]
tests/test_llm_connectivity.py::TestLoadDotenv::test_single_quoted_value PASSED [ 50%]
tests/test_llm_connectivity.py::TestLoadDotenv::test_export_prefix_stripped PASSED [ 50%]
tests/test_llm_connectivity.py::TestLoadDotenv::test_inline_comment_stripped PASSED [ 50%]
tests/test_llm_connectivity.py::TestLoadDotenv::test_full_line_comment_ignored PASSED [ 50%]
tests/test_llm_connectivity.py::TestLoadDotenv::test_does_not_overwrite_existing_env PASSED [ 50%]
tests/test_llm_connectivity.py::TestLoadDotenv::test_missing_env_file_does_not_raise PASSED [ 50%]
tests/test_llm_connectivity.py::TestLoadDotenv::test_groq_api_key_loaded_from_env_file PASSED [ 50%]
tests/test_llm_connectivity.py::TestGroqAvailableAndRequest::test_available_false_when_key_empty PASSED [ 51%]
tests/test_llm_connectivity.py::TestGroqAvailableAndRequest::test_available_false_when_disabled PASSED [ 51%]
tests/test_llm_connectivity.py::TestGroqAvailableAndRequest::test_available_true_when_key_and_enabled PASSED [ 51%]
tests/test_llm_connectivity.py::TestGroqAvailableAndRequest::test_groq_request_success PASSED [ 51%]
tests/test_llm_connectivity.py::TestGroqAvailableAndRequest::test_groq_request_http_error_returns_empty PASSED [ 51%]
tests/test_llm_connectivity.py::TestGroqAvailableAndRequest::test_groq_request_network_error_returns_empty PASSED [ 51%]
tests/test_llm_connectivity.py::TestGroqAvailableAndRequest::test_llm_score_uses_groq_when_local_fails PASSED [ 51%]
tests/test_meta_governor_executor.py::test_log_governance_event_writes_jsonl_with_required_fields PASSED [ 51%]
tests/test_meta_governor_executor.py::test_log_governance_event_normalizes_non_dict_payloads PASSED [ 51%]
tests/test_meta_governor_executor.py::test_log_governance_event_validates_required_fields[-engine_a] PASSED [ 51%]
tests/test_meta_governor_executor.py::test_log_governance_event_validates_required_fields[promote-] PASSED [ 51%]
tests/test_model_registry.py::test_assert_single_active_passes_with_zero PASSED [ 51%]
tests/test_model_registry.py::test_assert_single_active_passes_with_one PASSED [ 51%]
tests/test_model_registry.py::test_assert_single_active_raises_with_two PASSED [ 52%]
tests/test_model_registry.py::test_save_atomic_produces_valid_json PASSED [ 52%]
tests/test_model_registry.py::test_save_atomic_no_tmp_left_behind PASSED [ 52%]
tests/test_model_registry.py::test_save_atomic_overwrites_existing PASSED [ 52%]
tests/test_model_registry.py::test_try_promote_single_active_after_first_promotion PASSED [ 52%]
tests/test_model_registry.py::test_try_promote_demotes_old_before_promoting_new PASSED [ 52%]
tests/test_model_registry.py::test_try_promote_no_dual_active_below_margin PASSED [ 52%]
tests/test_model_registry.py::test_get_active_fallback_when_active_txt_stale PASSED [ 52%]
tests/test_model_registry.py::test_get_active_fallback_when_active_txt_missing PASSED [ 52%]
tests/test_model_registry.py::test_concurrent_promote_no_dual_active PASSED [ 52%]
tests/test_model_registry.py::test_gaussian_promote_single_active PASSED [ 52%]
tests/test_model_registry.py::test_gaussian_promote_blocks_regression PASSED [ 52%]
tests/test_p4_observability.py::TestCanglesSinceRetest::test_one_candle_after_retest PASSED [ 53%]
tests/test_p4_observability.py::TestCanglesSinceRetest::test_fifteen_candles_after_retest PASSED [ 53%]
tests/test_p4_observability.py::TestCanglesSinceRetest::test_zero_candles_same_bar PASSED [ 53%]
tests/test_p4_observability.py::TestCanglesSinceRetest::test_none_when_current_index_missing PASSED [ 53%]
tests/test_p4_observability.py::TestCanglesSinceRetest::test_none_when_retest_index_missing PASSED [ 53%]
tests/test_p4_observability.py::TestCanglesSinceRetest::test_none_when_both_missing PASSED [ 53%]
tests/test_p4_observability.py::TestCanglesSinceRetest::test_result_is_never_old_sentinel_for_normal_pairs PASSED [ 53%]
tests/test_p4_observability.py::TestCanglesSinceRetest::test_missing_key_from_dict_yields_none PASSED [ 53%]
tests/test_p4_observability.py::TestSafeFormatter::test_none_yields_na PASSED [ 53%]
tests/test_p4_observability.py::TestSafeFormatter::test_zero_float_yields_numeric PASSED [ 53%]
tests/test_p4_observability.py::TestSafeFormatter::test_zero_int_yields_numeric PASSED [ 53%]
tests/test_p4_observability.py::TestSafeFormatter::test_false_yields_numeric PASSED [ 53%]
tests/test_p4_observability.py::TestSafeFormatter::test_positive_value_formatted_correctly PASSED [ 54%]
tests/test_p4_observability.py::TestSafeFormatter::test_negative_value_formatted_correctly PASSED [ 54%]
tests/test_p4_observability.py::TestSafeFormatter::test_buggy_pattern_documents_original_failure PASSED [ 54%]
tests/test_p4_observability.py::TestIntentLift::test_breakout_lift_zero PASSED [ 54%]
tests/test_p4_observability.py::TestIntentLift::test_reversal_lift_forty_pct PASSED [ 54%]
tests/test_p4_observability.py::TestIntentLift::test_perfect_lift_all_executed PASSED [ 54%]
tests/test_p4_observability.py::TestIntentLift::test_zero_candidates_returns_zero_not_error PASSED [ 54%]
tests/test_p4_observability.py::TestIntentLift::test_lift_bounded_between_zero_and_one PASSED [ 54%]
tests/test_p4_observability.py::TestIntentLift::test_empty_all_setups_returns_zero PASSED [ 54%]
tests/test_p4_observability.py::TestIntentLift::test_lift_uses_candidate_count_not_rate PASSED [ 54%]
tests/test_pattern_hasher.py::TestCRTPathCodes::test_all_canonical_states_present PASSED [ 54%]
tests/test_pattern_hasher.py::TestCRTPathCodes::test_all_codes_are_single_chars PASSED [ 54%]
tests/test_pattern_hasher.py::TestCRTPathCodes::test_codes_are_unique PASSED [ 54%]
tests/test_pattern_hasher.py::TestCRTPathCodes::test_decode_is_exact_inverse PASSED [ 55%]
tests/test_pattern_hasher.py::TestEncodeCrtPath::test_empty_path_returns_empty PASSED [ 55%]
tests/test_pattern_hasher.py::TestEncodeCrtPath::test_canonical_states_encode_correctly PASSED [ 55%]
tests/test_pattern_hasher.py::TestEncodeCrtPath::test_unknown_state_uses_first_char PASSED [ 55%]
tests/test_pattern_hasher.py::TestEncodeCrtPath::test_empty_to_state_returns_question_mark PASSED [ 55%]
tests/test_pattern_hasher.py::TestEncodeCrtPath::test_typical_sequence PASSED [ 55%]
tests/test_pattern_hasher.py::TestDecodeCrtPath::test_empty_codes_returns_empty PASSED [ 55%]
tests/test_pattern_hasher.py::TestDecodeCrtPath::test_canonical_codes_decode_correctly PASSED [ 55%]
tests/test_pattern_hasher.py::TestDecodeCrtPath::test_unknown_code_returned_unchanged PASSED [ 55%]
tests/test_pattern_hasher.py::TestDecodeCrtPath::test_typical_sequence PASSED [ 55%]
tests/test_pattern_hasher.py::TestRoundTrip::test_encode_then_decode[RANGE] PASSED [ 55%]
tests/test_pattern_hasher.py::TestRoundTrip::test_encode_then_decode[SWEEP] PASSED [ 55%]
tests/test_pattern_hasher.py::TestRoundTrip::test_encode_then_decode[DISPLACEMENT] PASSED [ 56%]
tests/test_pattern_hasher.py::TestRoundTrip::test_encode_then_decode[EXPANSION] PASSED [ 56%]
tests/test_pattern_hasher.py::TestRoundTrip::test_encode_then_decode[RETEST] PASSED [ 56%]
tests/test_pattern_hasher.py::TestRoundTrip::test_encode_then_decode[EXECUTION] PASSED [ 56%]
tests/test_pattern_hasher.py::TestRoundTrip::test_encode_then_decode[RESOLUTION] PASSED [ 56%]
tests/test_pattern_hasher.py::TestComputePatternHash::test_returns_16_char_hex_string PASSED [ 56%]
tests/test_pattern_hasher.py::TestComputePatternHash::test_deterministic_same_inputs PASSED [ 56%]
tests/test_pattern_hasher.py::TestComputePatternHash::test_different_regime_different_hash PASSED [ 56%]
tests/test_pattern_hasher.py::TestComputePatternHash::test_sweep_type_kwarg_overrides_features PASSED [ 56%]
tests/test_pattern_hasher.py::TestComputePatternHash::test_sweep_type_kwarg_none_falls_back_to_features PASSED [ 56%]
tests/test_pattern_hasher.py::TestComputePatternHash::test_missing_keys_use_defaults_no_error PASSED [ 56%]
tests/test_pattern_hasher.py::TestComputePatternHash::test_rounding_prevents_hash_churn_body_ratio PASSED [ 56%]
tests/test_pattern_hasher.py::TestComputePatternHash::test_rounding_prevents_hash_churn_disp_strength PASSED [ 57%]
tests/test_pattern_hasher.py::TestComputePatternHash::test_different_session_different_hash PASSED [ 57%]
tests/test_pattern_hasher.py::TestComputePatternHash::test_double_sweep_affects_hash PASSED [ 57%]
tests/test_phase5_calibration.py::test_phase5_config_loads_defaults PASSED [ 57%]
tests/test_phase5_calibration.py::test_phase5_config_honours_prod_config_values PASSED [ 57%]
tests/test_phase5_calibration.py::test_make_calibration_fn_returns_callable PASSED [ 57%]
tests/test_phase5_calibration.py::test_calibration_fn_result_has_required_keys PASSED [ 57%]
tests/test_phase5_calibration.py::test_approve_path_all_gates_pass PASSED [ 57%]
tests/test_phase5_calibration.py::test_approve_path_gate_checks_all_true PASSED [ 57%]
tests/test_phase5_calibration.py::test_reject_min_val_samples PASSED     [ 57%]
tests/test_phase5_calibration.py::test_reject_min_corr PASSED            [ 57%]
tests/test_phase5_calibration.py::test_reject_max_cal_error PASSED       [ 57%]
tests/test_phase5_calibration.py::test_reject_cv_unstable PASSED         [ 58%]
tests/test_phase5_calibration.py::test_multiple_gate_failures_all_reported PASSED [ 58%]
tests/test_phase5_calibration.py::test_cv_exception_treated_as_unstable PASSED [ 58%]
tests/test_phase5_calibration.py::test_metrics_keys_present_on_approve PASSED [ 58%]
tests/test_portfolio_allocator.py::test_tracker_add_position PASSED      [ 58%]
tests/test_portfolio_allocator.py::test_tracker_multiple_positions PASSED [ 58%]
tests/test_portfolio_allocator.py::test_tracker_remove_position PASSED   [ 58%]
tests/test_portfolio_allocator.py::test_tracker_remove_nonexistent_returns_none PASSED [ 58%]
tests/test_portfolio_allocator.py::test_tracker_exposure_by_symbol PASSED [ 58%]
tests/test_portfolio_allocator.py::test_tracker_position_count PASSED    [ 58%]
tests/test_portfolio_allocator.py::test_tracker_duplicate_trade_id_overwrites PASSED [ 58%]
tests/test_portfolio_allocator.py::test_tracker_clear PASSED             [ 58%]
tests/test_portfolio_allocator.py::test_tracker_raises_on_missing_trade_id PASSED [ 58%]
tests/test_portfolio_allocator.py::test_corr_same_symbol PASSED          [ 59%]
tests/test_portfolio_allocator.py::test_corr_same_crypto_group PASSED    [ 59%]
tests/test_portfolio_allocator.py::test_corr_same_fx_majors PASSED       [ 59%]
tests/test_portfolio_allocator.py::test_corr_cross_asset_class PASSED    [ 59%]
tests/test_portfolio_allocator.py::test_corr_fx_major_vs_usd_short PASSED [ 59%]
tests/test_portfolio_allocator.py::test_corr_empty_symbol_returns_zero PASSED [ 59%]
tests/test_portfolio_allocator.py::test_corr_max_with_existing PASSED    [ 59%]
tests/test_portfolio_allocator.py::test_corr_max_with_empty_existing PASSED [ 59%]
tests/test_portfolio_allocator.py::test_policy_base_risk_clean_portfolio PASSED [ 59%]
tests/test_portfolio_allocator.py::test_policy_high_exposure_reduces_risk PASSED [ 59%]
tests/test_portfolio_allocator.py::test_policy_high_correlation_reduces_risk PASSED [ 59%]
tests/test_portfolio_allocator.py::test_policy_confidence_boost PASSED   [ 59%]
tests/test_portfolio_allocator.py::test_policy_hard_cap_applied PASSED   [ 60%]
tests/test_portfolio_allocator.py::test_policy_portfolio_at_capacity PASSED [ 60%]
tests/test_portfolio_allocator.py::test_allocator_allocate_clean_portfolio PASSED [ 60%]
tests/test_portfolio_allocator.py::test_allocator_reject_at_max_risk PASSED [ 60%]
tests/test_portfolio_allocator.py::test_allocator_risk_trimmed_to_fit_cap PASSED [ 60%]
tests/test_portfolio_allocator.py::test_allocator_open_close_position PASSED [ 60%]
tests/test_portfolio_allocator.py::test_allocator_correlated_signal_reduced PASSED [ 60%]
tests/test_portfolio_allocator.py::test_allocator_exposure_by_symbol PASSED [ 60%]
tests/test_regime_classifier.py::test_classify_high_volatility PASSED    [ 60%]
tests/test_regime_classifier.py::test_classify_high_volatility_overrides_trending PASSED [ 60%]
tests/test_regime_classifier.py::test_classify_trending PASSED           [ 60%]
tests/test_regime_classifier.py::test_classify_ranging_default PASSED    [ 60%]
tests/test_regime_classifier.py::test_classify_boundary_atr_exact PASSED [ 61%]
tests/test_regime_classifier.py::test_classify_boundary_trend_exact PASSED [ 61%]
tests/test_regime_classifier.py::test_cooldown_prevents_rapid_switch PASSED [ 61%]
tests/test_regime_classifier.py::test_cooldown_allows_switch_after_n_candles PASSED [ 61%]
tests/test_regime_classifier.py::test_reset_cooldown PASSED              [ 61%]
tests/test_regime_classifier.py::test_exception_returns_ranging PASSED   [ 61%]
tests/test_regime_classifier.py::test_missing_features_defaults_gracefully PASSED [ 61%]
tests/test_regime_classifier.py::test_current_regime_property PASSED     [ 61%]
tests/test_regime_classifier.py::test_custom_thresholds_respected PASSED [ 61%]
tests/test_regime_classifier.py::test_router_default_map_trending PASSED [ 61%]
tests/test_regime_classifier.py::test_router_default_map_ranging PASSED  [ 61%]
tests/test_regime_classifier.py::test_router_default_map_high_volatility PASSED [ 61%]
tests/test_regime_classifier.py::test_router_unknown_regime_returns_safe PASSED [ 61%]
tests/test_regime_classifier.py::test_router_custom_map_injected PASSED  [ 62%]
tests/test_regime_classifier.py::test_router_get_map_returns_copy PASSED [ 62%]
tests/test_regime_classifier.py::test_router_select_config_returns_dict PASSED [ 62%]
tests/test_regime_classifier.py::test_router_select_config_missing_returns_none PASSED [ 62%]
tests/test_regime_classifier.py::test_router_select_config_missing_dir_returns_none PASSED [ 62%]
tests/test_regime_classifier.py::test_router_loads_from_json_file PASSED [ 62%]
tests/test_roi_gaps.py::test_funnel_counts_field_exists PASSED           [ 62%]
tests/test_roi_gaps.py::test_funnel_counts_populated_from_external_dict PASSED [ 62%]
tests/test_roi_gaps.py::test_crt_config_tp3_defaults_off PASSED          [ 62%]
tests/test_roi_gaps.py::test_trade_tp3_price_default_zero PASSED         [ 62%]
tests/test_roi_gaps.py::test_tp3_disabled_standard_tp2_close PASSED      [ 62%]
tests/test_roi_gaps.py::test_tp3_enabled_tp2_is_partial PASSED           [ 62%]
tests/test_roi_gaps.py::test_tp3_pnl_greater_than_tp2 PASSED             [ 63%]
tests/test_roi_gaps.py::test_tp3_runner_sl_stops_at_tp1_level PASSED     [ 63%]
tests/test_roi_gaps.py::test_tp3_diverted_sl_gives_locked_pnl PASSED     [ 63%]
tests/test_roi_gaps.py::test_frequency_boost_mode_disabled_by_default PASSED [ 63%]
tests/test_roi_gaps.py::test_frequency_boost_mode_up_weights_trade_count PASSED [ 63%]
tests/test_roi_gaps.py::test_frequency_boost_mode_off_ignores_floor PASSED [ 63%]
tests/test_roi_metrics.py::test_roi_block_basic_math PASSED              [ 63%]
tests/test_roi_metrics.py::test_roi_block_no_losses_uses_sentinel PASSED [ 63%]
tests/test_roi_metrics.py::test_roi_block_divzero_guards PASSED          [ 63%]
tests/test_roi_metrics.py::test_to_dict_exposes_roi_keys PASSED          [ 63%]
tests/test_roi_metrics.py::test_aggregate_surfaces_roi_without_changing_score PASSED [ 63%]
tests/test_roi_metrics.py::test_fitness_score_takes_no_roi_input PASSED  [ 63%]
tests/test_scanner_ranker.py::test_universe_returns_all_default_symbols PASSED [ 64%]
tests/test_scanner_ranker.py::test_universe_filter_crypto PASSED         [ 64%]
tests/test_scanner_ranker.py::test_universe_filter_fx PASSED             [ 64%]
tests/test_scanner_ranker.py::test_universe_unknown_class_returns_empty PASSED [ 64%]
tests/test_scanner_ranker.py::test_universe_add_symbol PASSED            [ 64%]
tests/test_scanner_ranker.py::test_universe_remove_symbol PASSED         [ 64%]
tests/test_scanner_ranker.py::test_universe_custom_map PASSED            [ 64%]
tests/test_scanner_ranker.py::test_ranker_score_correct PASSED           [ 64%]
tests/test_scanner_ranker.py::test_ranker_rr_normalised_capped PASSED    [ 64%]
tests/test_scanner_ranker.py::test_ranker_below_min_score_discarded PASSED [ 64%]
tests/test_scanner_ranker.py::test_ranker_order_best_first PASSED        [ 64%]
tests/test_scanner_ranker.py::test_ranker_score_added_to_signal PASSED   [ 64%]
tests/test_scanner_ranker.py::test_ranker_empty_input PASSED             [ 64%]
tests/test_scanner_ranker.py::test_ranker_missing_fields_default_to_zero PASSED [ 65%]
tests/test_scanner_ranker.py::test_signal_pool_top_k_basic PASSED        [ 65%]
tests/test_scanner_ranker.py::test_signal_pool_hard_cap_3 PASSED         [ 65%]
tests/test_scanner_ranker.py::test_signal_pool_fewer_than_k_available PASSED [ 65%]
tests/test_scanner_ranker.py::test_signal_pool_dedup_correlated PASSED   [ 65%]
tests/test_scanner_ranker.py::test_signal_pool_no_dedup_without_engine PASSED [ 65%]
tests/test_scanner_ranker.py::test_scanner_returns_buy_signals_only PASSED [ 65%]
tests/test_scanner_ranker.py::test_scanner_error_on_symbol_doesnt_crash PASSED [ 65%]
tests/test_scanner_ranker.py::test_scanner_none_result_skipped PASSED    [ 65%]
tests/test_scanner_ranker.py::test_scanner_asset_class_filter PASSED     [ 65%]
tests/test_scanner_ranker.py::test_scanner_with_data_fetcher PASSED      [ 65%]
tests/test_schema_contracts.py::test_canonical_features_is_tuple PASSED  [ 65%]
tests/test_schema_contracts.py::test_no_duplicates PASSED                [ 66%]
tests/test_schema_contracts.py::test_feature_count PASSED                [ 66%]
tests/test_schema_contracts.py::test_feature_index_map PASSED            [ 66%]
tests/test_schema_contracts.py::test_schema_hash_stable PASSED           [ 66%]
tests/test_schema_contracts.py::test_session_encoding PASSED             [ 66%]
tests/test_schema_contracts.py::test_validate_features_exact_match PASSED [ 66%]
tests/test_schema_contracts.py::test_validate_features_missing_key PASSED [ 66%]
tests/test_schema_contracts.py::test_validate_features_extra_key PASSED  [ 66%]
tests/test_schema_contracts.py::test_validate_features_error_structure PASSED [ 66%]
tests/test_schema_contracts.py::test_schema_validator_consistent PASSED  [ 66%]
tests/test_shadow_promotion_gate.py::test_default_min_shadow_trades_is_positive PASSED [ 66%]
tests/test_shadow_promotion_gate.py::test_injected_governance_config_sets_min_trades PASSED [ 66%]
tests/test_shadow_promotion_gate.py::test_init_validates_min_trades_must_be_integer PASSED [ 67%]
tests/test_shadow_promotion_gate.py::test_init_validates_min_trades_must_be_positive PASSED [ 67%]
tests/test_shadow_promotion_gate.py::test_init_validates_min_trades_negative PASSED [ 67%]
tests/test_shadow_promotion_gate.py::test_init_accepts_float_whole_number PASSED [ 67%]
tests/test_shadow_promotion_gate.py::test_min_trades_loaded_from_production_config SKIPPED [ 67%]
tests/test_shadow_promotion_gate.py::test_promote_blocked_insufficient_trades PASSED [ 67%]
tests/test_shadow_promotion_gate.py::test_promote_blocked_exactly_at_boundary PASSED [ 67%]
tests/test_shadow_promotion_gate.py::test_promote_allowed_at_minimum_threshold PASSED [ 67%]
tests/test_shadow_promotion_gate.py::test_promote_blocked_inferior_pnl PASSED [ 67%]
tests/test_shadow_promotion_gate.py::test_promote_blocked_equal_pnl PASSED [ 67%]
tests/test_shadow_promotion_gate.py::test_promote_result_always_has_promoted_and_reason PASSED [ 67%]
tests/test_signal_audit.py::test_audit_recorder_full_lifecycle PASSED    [ 67%]
tests/test_signal_audit.py::test_audit_leak_detection_triggers PASSED    [ 67%]
tests/test_signal_audit.py::test_audit_noop_when_debug_false PASSED      [ 68%]
tests/test_signal_audit.py::test_audit_multiple_bars_appended PASSED     [ 68%]
tests/test_signal_audit.py::test_flush_without_start_bar_is_noop PASSED  [ 68%]
tests/test_signal_audit.py::test_summary_counts PASSED                   [ 68%]
tests/test_signal_belief_tracker.py::TestBeliefState::test_fields PASSED [ 68%]
tests/test_signal_belief_tracker.py::TestNeutralCandle::test_neutral_returns_not_approved PASSED [ 68%]
tests/test_signal_belief_tracker.py::TestNeutralCandle::test_neutral_decays_belief PASSED [ 68%]
tests/test_signal_belief_tracker.py::TestNeutralCandle::test_neutral_resets_confirm_count PASSED [ 68%]
tests/test_signal_belief_tracker.py::TestHighConvictionGate::test_single_strong_candle_can_trigger_high_conviction PASSED [ 68%]
tests/test_signal_belief_tracker.py::TestHighConvictionGate::test_belief_formula PASSED [ 68%]
tests/test_signal_belief_tracker.py::TestHighConvictionGate::test_sell_direction_gives_negative_belief PASSED [ 68%]
tests/test_signal_belief_tracker.py::TestConfirmedGate::test_two_candles_same_direction_passes PASSED [ 68%]
tests/test_signal_belief_tracker.py::TestConfirmedGate::test_one_candle_insufficient PASSED [ 69%]
tests/test_signal_belief_tracker.py::TestDirectionFlip::test_flip_resets_confirm_count_to_one PASSED [ 69%]
tests/test_signal_belief_tracker.py::TestDirectionFlip::test_flip_resets_approval_state PASSED [ 69%]
tests/test_signal_belief_tracker.py::TestReset::test_reset_clears_belief PASSED [ 69%]
tests/test_signal_belief_tracker.py::TestReset::test_after_reset_single_candle_insufficient PASSED [ 69%]
tests/test_signal_belief_tracker.py::TestBeliefRegistry::test_different_keys_return_different_trackers PASSED [ 69%]
tests/test_signal_belief_tracker.py::TestBeliefRegistry::test_same_key_returns_same_tracker PASSED [ 69%]
tests/test_signal_belief_tracker.py::TestBeliefRegistry::test_state_isolated_between_keys PASSED [ 69%]
tests/test_signal_belief_tracker.py::TestBeliefRegistry::test_len_tracks_unique_keys PASSED [ 69%]
tests/test_signal_belief_tracker.py::TestBeliefRegistry::test_config_passed_to_trackers PASSED [ 69%]
tests/test_signal_belief_tracker.py::TestRuntimeContext::test_holds_belief_registry PASSED [ 69%]
tests/test_signal_belief_tracker.py::TestRuntimeContext::test_parallel_isolation PASSED [ 69%]
tests/test_signal_belief_tracker.py::TestRuntimeContext::test_two_contexts_different_registries PASSED [ 70%]
tests/test_signal_belief_tracker.py::TestConfigDefaults::test_default_decay PASSED [ 70%]
tests/test_signal_belief_tracker.py::TestConfigDefaults::test_default_high_conviction PASSED [ 70%]
tests/test_signal_belief_tracker.py::TestConfigDefaults::test_default_min_confirms PASSED [ 70%]
tests/test_signal_belief_tracker.py::TestConfigDefaults::test_config_override PASSED [ 70%]
tests/test_sl_tp_comparator.py::TestDeriveIntent::test_liq_sweep_single PASSED [ 70%]
tests/test_sl_tp_comparator.py::TestDeriveIntent::test_liq_sweep_double PASSED [ 70%]
tests/test_sl_tp_comparator.py::TestDeriveIntent::test_pullback PASSED   [ 70%]
tests/test_sl_tp_comparator.py::TestDeriveIntent::test_breakout PASSED   [ 70%]
tests/test_sl_tp_comparator.py::TestDeriveIntent::test_reversal_long PASSED [ 70%]
tests/test_sl_tp_comparator.py::TestDeriveIntent::test_unknown PASSED    [ 70%]
tests/test_sl_tp_comparator.py::TestComputeLegacyLevels::test_long_breakout_formula PASSED [ 70%]
tests/test_sl_tp_comparator.py::TestComputeLegacyLevels::test_short_breakout_formula PASSED [ 70%]
tests/test_sl_tp_comparator.py::TestComputeLegacyLevels::test_rr_is_computed PASSED [ 71%]
tests/test_sl_tp_comparator.py::TestComputeLegacyLevels::test_risk_dist_nonzero PASSED [ 71%]
tests/test_sl_tp_comparator.py::TestComputeLegacyLevels::test_pullback_uses_lower_tp_mult PASSED [ 71%]
tests/test_sl_tp_comparator.py::TestComputeLegacyLevels::test_sweep_uses_sweep_mult PASSED [ 71%]
tests/test_sl_tp_comparator.py::TestComputeLegacyLevels::test_zero_atr_risk_dist_is_zero PASSED [ 71%]
tests/test_sl_tp_comparator.py::TestSimulateExit::test_tp2_hit_long PASSED [ 71%]
tests/test_sl_tp_comparator.py::TestSimulateExit::test_sl_hit_long PASSED [ 71%]
tests/test_sl_tp_comparator.py::TestSimulateExit::test_tp1_hit_long PASSED [ 71%]
tests/test_sl_tp_comparator.py::TestSimulateExit::test_tp2_priority_over_sl_same_candle PASSED [ 71%]
tests/test_sl_tp_comparator.py::TestSimulateExit::test_short_tp2_hit PASSED [ 71%]
tests/test_sl_tp_comparator.py::TestSimulateExit::test_timeout_no_hit PASSED [ 71%]
tests/test_sl_tp_comparator.py::TestSimulateExit::test_empty_candles_returns_timeout PASSED [ 71%]
tests/test_sl_tp_comparator.py::TestSimulateExit::test_candles_held_correct PASSED [ 72%]
tests/test_sl_tp_comparator.py::TestAggregateMetrics::test_empty_returns_zeros PASSED [ 72%]
tests/test_sl_tp_comparator.py::TestAggregateMetrics::test_all_wins PASSED [ 72%]
tests/test_sl_tp_comparator.py::TestAggregateMetrics::test_all_losses PASSED [ 72%]
tests/test_sl_tp_comparator.py::TestAggregateMetrics::test_expectancy_rr_formula PASSED [ 72%]
tests/test_sl_tp_comparator.py::TestAggregateMetrics::test_tp_rates_sum_to_1 PASSED [ 72%]
tests/test_sl_tp_comparator.py::TestAggregateMetrics::test_max_drawdown_computed PASSED [ 72%]
tests/test_sl_tp_comparator.py::TestSLTPComparator::test_empty_trades_returns_empty_report PASSED [ 72%]
tests/test_sl_tp_comparator.py::TestSLTPComparator::test_single_trade_produces_report PASSED [ 72%]
tests/test_sl_tp_comparator.py::TestSLTPComparator::test_per_trade_has_both_methods PASSED [ 72%]
tests/test_sl_tp_comparator.py::TestSLTPComparator::test_crt_levels_match_trade_record PASSED [ 72%]
tests/test_sl_tp_comparator.py::TestSLTPComparator::test_legacy_sl_different_from_crt PASSED [ 72%]
tests/test_sl_tp_comparator.py::TestSLTPComparator::test_report_has_winner PASSED [ 73%]
tests/test_sl_tp_comparator.py::TestSLTPComparator::test_report_recommendation_is_string PASSED [ 73%]
tests/test_sl_tp_comparator.py::TestSLTPComparator::test_to_dict_serializable PASSED [ 73%]
tests/test_sl_tp_comparator.py::TestSLTPComparator::test_primary_metric_override PASSED [ 73%]
tests/test_sl_tp_comparator.py::TestSLTPComparator::test_multiple_trades PASSED [ 73%]
tests/test_sl_tp_comparator.py::TestWinnerDetermination::test_crt_wins_when_higher_metric PASSED [ 73%]
tests/test_sl_tp_comparator.py::TestWinnerDetermination::test_legacy_wins_when_higher_metric PASSED [ 73%]
tests/test_sl_tp_comparator.py::TestWinnerDetermination::test_tie_when_delta_tiny PASSED [ 73%]
tests/test_sl_tp_comparator.py::TestWinnerDetermination::test_recommendation_mentions_legacy_reintroduction PASSED [ 73%]
tests/test_sprint7_governance.py::TestStrategyMetrics::test_score_zero_when_low_trades PASSED [ 73%]
tests/test_sprint7_governance.py::TestStrategyMetrics::test_to_dict_has_required_keys PASSED [ 73%]
tests/test_sprint7_governance.py::TestStrategyMetrics::test_finalise_win_rate PASSED [ 73%]
tests/test_sprint7_governance.py::TestStrategyMetrics::test_profit_factor_zero_loss PASSED [ 74%]
tests/test_sprint7_governance.py::TestStrategyMetrics::test_score_positive_with_good_stats PASSED [ 74%]
tests/test_sprint7_governance.py::TestStrategyBacktester::test_returns_all_strategy_ids PASSED [ 74%]
tests/test_sprint7_governance.py::TestStrategyBacktester::test_metrics_in_valid_ranges PASSED [ 74%]
tests/test_sprint7_governance.py::TestStrategyBacktester::test_short_csv_returns_empty PASSED [ 74%]
tests/test_sprint7_governance.py::TestStrategyBacktester::test_missing_csv_returns_empty PASSED [ 74%]
tests/test_sprint7_governance.py::TestStrategyBacktester::test_row_to_features_trend_bias_int PASSED [ 74%]
tests/test_sprint7_governance.py::TestStrategyBacktester::test_row_to_features_trend_bias_bullish PASSED [ 74%]
tests/test_sprint7_governance.py::TestMultiStrategyValidator::test_no_csv_paths_returns_reject PASSED [ 74%]
tests/test_sprint7_governance.py::TestMultiStrategyValidator::test_missing_csv_hard_failure PASSED [ 74%]
tests/test_sprint7_governance.py::TestMultiStrategyValidator::test_report_has_required_keys PASSED [ 74%]
tests/test_sprint7_governance.py::TestMultiStrategyValidator::test_instruments_tested_list PASSED [ 74%]
tests/test_sprint7_governance.py::TestMultiStrategyValidator::test_metrics_has_portfolio_win_rate PASSED [ 74%]
tests/test_sprint7_governance.py::TestMultiStrategyValidator::test_reject_when_hard_gate_fails PASSED [ 75%]
tests/test_sprint7_governance.py::TestMultiStrategyValidator::test_approve_with_relaxed_gates PASSED [ 75%]
tests/test_sprint7_governance.py::TestHealthChecker::test_collect_status_has_required_keys PASSED [ 75%]
tests/test_sprint7_governance.py::TestHealthChecker::test_components_include_config_and_orchestrator PASSED [ 75%]
tests/test_sprint7_governance.py::TestHealthChecker::test_kill_switch_component_present PASSED [ 75%]
tests/test_sprint7_governance.py::TestHealthChecker::test_overall_is_string PASSED [ 75%]
tests/test_sprint7_governance.py::TestHealthChecker::test_start_and_stop PASSED [ 75%]
tests/test_sprint7_governance.py::TestDockerfile::test_dockerfile_exists PASSED [ 75%]
tests/test_sprint7_governance.py::TestDockerfile::test_base_image_python310 PASSED [ 75%]
tests/test_sprint7_governance.py::TestDockerfile::test_expose_8787_and_8788 PASSED [ 75%]
tests/test_sprint7_governance.py::TestDockerfile::test_pythonpath_set PASSED [ 75%]
tests/test_sprint7_governance.py::TestPromoteScript::test_script_exists PASSED [ 75%]
tests/test_sprint7_governance.py::TestPromoteScript::test_script_importable PASSED [ 76%]
tests/test_stage1_dataset_builder.py::test_rr_bucket_boundaries_inclusive_lower_exclusive_upper PASSED [ 76%]
tests/test_stage1_dataset_builder.py::test_duration_bucket_boundaries_inclusive_lower_exclusive_upper PASSED [ 76%]
tests/test_stage1_dataset_builder.py::test_bucket_version_is_stamped PASSED [ 76%]
tests/test_stage1_dataset_builder.py::test_classify_scope_crypto_patterns PASSED [ 76%]
tests/test_stage1_dataset_builder.py::test_classify_scope_forex_patterns PASSED [ 76%]
tests/test_stage1_dataset_builder.py::test_classify_scope_all_admits_everything PASSED [ 76%]
tests/test_stage1_dataset_builder.py::test_resolve_auto_scope_homogeneous_crypto PASSED [ 76%]
tests/test_stage1_dataset_builder.py::test_resolve_auto_scope_homogeneous_forex PASSED [ 76%]
tests/test_stage1_dataset_builder.py::test_resolve_auto_scope_mixed_falls_back_to_all PASSED [ 76%]
tests/test_stage1_dataset_builder.py::test_feature_quality_perfect_record_scores_high PASSED [ 76%]
tests/test_stage1_dataset_builder.py::test_feature_quality_all_zero_vector_rejected_below_threshold PASSED [ 76%]
tests/test_stage1_dataset_builder.py::test_feature_quality_constant_nonzero_vector_low_variance PASSED [ 77%]
tests/test_stage1_dataset_builder.py::test_feature_quality_missing_keys_reduces_present_frac PASSED [ 77%]
tests/test_stage1_dataset_builder.py::test_validate_record_shape_missing_canonical_key_rejected PASSED [ 77%]
tests/test_stage1_dataset_builder.py::test_validate_record_shape_extras_preserved PASSED [ 77%]
tests/test_stage1_dataset_builder.py::test_validate_record_shape_missing_top_level_rejected PASSED [ 77%]
tests/test_stage1_dataset_builder.py::test_validate_record_shape_no_outcome_rejected PASSED [ 77%]
tests/test_stage1_dataset_builder.py::test_validate_record_strict_rejects_unparseable_feature_value PASSED [ 77%]
tests/test_stage1_dataset_builder.py::test_validate_record_warn_coerces_bad_value_to_zero PASSED [ 77%]
tests/test_stage1_dataset_builder.py::test_iter_opportunities_skips_run_header PASSED [ 77%]
tests/test_stage1_dataset_builder.py::test_iter_opportunities_surfaces_parse_error PASSED [ 77%]
tests/test_stage1_dataset_builder.py::test_is_run_header_recognizes_both_keys PASSED [ 77%]
tests/test_stage1_dataset_builder.py::test_transform_record_stamps_win_flag_and_replay_ready PASSED [ 77%]
tests/test_stage1_dataset_builder.py::test_transform_record_low_quality_rejected PASSED [ 77%]
tests/test_stage1_dataset_builder.py::test_transform_record_negative_rr_yields_loss_bucket_and_zero_win PASSED [ 78%]
tests/test_stage1_dataset_builder.py::test_build_dataset_emits_all_four_reports PASSED [ 78%]
tests/test_stage1_dataset_builder.py::test_build_dataset_deterministic_output_hash PASSED [ 78%]
tests/test_stage1_dataset_builder.py::test_build_dataset_duplicate_key_collapses_repeats_within_a_run PASSED [ 78%]
tests/test_stage1_dataset_builder.py::test_build_dataset_duplicate_key_admits_long_and_short_at_same_timestamp PASSED [ 78%]
tests/test_stage1_dataset_builder.py::test_build_dataset_records_sorted_by_timestamp PASSED [ 78%]
tests/test_stage1_dataset_builder.py::test_strict_layout_raises_on_missing_trades_csv PASSED [ 78%]
tests/test_stage1_dataset_builder.py::test_default_layout_tolerates_missing_trades_csv PASSED [ 78%]
tests/test_stage1_dataset_builder.py::test_out_of_scope_instruments_recorded_in_scope_summary PASSED [ 78%]
tests/test_stage1_dataset_builder.py::test_instruments_override_takes_precedence_over_scope PASSED [ 78%]
tests/test_stage1_dataset_builder.py::test_per_record_metadata_carries_source_provenance PASSED [ 78%]
tests/test_stage1_dataset_builder.py::test_malformed_line_does_not_abort_build PASSED [ 78%]
tests/test_stage1_dataset_builder.py::test_no_inputs_strict_layout_raises PASSED [ 79%]
tests/test_stage1_dataset_builder.py::test_no_inputs_default_returns_empty_build PASSED [ 79%]
tests/test_strategy_orchestrator.py::test_strategy_instantiates[S01CRTWrapper] PASSED [ 79%]
tests/test_strategy_orchestrator.py::test_strategy_instantiates[S02MeanReversion] PASSED [ 79%]
tests/test_strategy_orchestrator.py::test_strategy_instantiates[S03Breakout] PASSED [ 79%]
tests/test_strategy_orchestrator.py::test_strategy_instantiates[S04StatArb] PASSED [ 79%]
tests/test_strategy_orchestrator.py::test_strategy_instantiates[S05Grid] PASSED [ 79%]
tests/test_strategy_orchestrator.py::test_strategy_instantiates[S06Scalping] PASSED [ 79%]
tests/test_strategy_orchestrator.py::test_strategy_instantiates[S07NewsSentiment] PASSED [ 79%]
tests/test_strategy_orchestrator.py::test_strategy_instantiates[S08MLEnsemble] PASSED [ 79%]
tests/test_strategy_orchestrator.py::test_strategy_instantiates[S09PatternRecog] PASSED [ 79%]
tests/test_strategy_orchestrator.py::test_strategy_instantiates[S10TrapStrategy] PASSED [ 79%]
tests/test_strategy_orchestrator.py::test_strategy_no_trade_path[S01CRTWrapper] PASSED [ 80%]
tests/test_strategy_orchestrator.py::test_strategy_no_trade_path[S02MeanReversion] PASSED [ 80%]
tests/test_strategy_orchestrator.py::test_strategy_no_trade_path[S03Breakout] PASSED [ 80%]
tests/test_strategy_orchestrator.py::test_strategy_no_trade_path[S04StatArb] PASSED [ 80%]
tests/test_strategy_orchestrator.py::test_strategy_no_trade_path[S05Grid] PASSED [ 80%]
tests/test_strategy_orchestrator.py::test_strategy_no_trade_path[S06Scalping] PASSED [ 80%]
tests/test_strategy_orchestrator.py::test_strategy_no_trade_path[S07NewsSentiment] PASSED [ 80%]
tests/test_strategy_orchestrator.py::test_strategy_no_trade_path[S08MLEnsemble] PASSED [ 80%]
tests/test_strategy_orchestrator.py::test_strategy_no_trade_path[S09PatternRecog] PASSED [ 80%]
tests/test_strategy_orchestrator.py::test_strategy_no_trade_path[S10TrapStrategy] PASSED [ 80%]
tests/test_strategy_orchestrator.py::test_s2_buy_signal PASSED           [ 80%]
tests/test_strategy_orchestrator.py::test_s3_buy_signal PASSED           [ 80%]
tests/test_strategy_orchestrator.py::test_s10_bull_trap_sell PASSED      [ 80%]
tests/test_strategy_orchestrator.py::test_orchestrator_neutral_no_trade PASSED [ 81%]
tests/test_strategy_orchestrator.py::test_orchestrator_completeness_gate PASSED [ 81%]
tests/test_strategy_orchestrator.py::test_orchestrator_consensus_gate PASSED [ 81%]
tests/test_strategy_orchestrator.py::test_orchestrator_buy_consensus PASSED [ 81%]
tests/test_strategy_orchestrator.py::test_orchestrator_result_to_dict PASSED [ 81%]
tests/test_strategy_orchestrator.py::test_fuse_strategy_results_buy_consensus PASSED [ 81%]
tests/test_strategy_orchestrator.py::test_fuse_strategy_results_completeness_gate PASSED [ 81%]
tests/test_strategy_orchestrator.py::test_fuse_strategy_results_conflict PASSED [ 81%]
tests/test_strategy_orchestrator.py::test_sl_inr_cap[S02MeanReversion-feats0-candle0] PASSED [ 81%]
tests/test_strategy_orchestrator.py::test_sl_inr_cap[S03Breakout-feats1-candle1] PASSED [ 81%]
tests/test_strategy_orchestrator.py::test_sl_inr_cap[S04StatArb-feats2-candle2] PASSED [ 81%]
tests/test_strategy_orchestrator.py::test_sl_inr_cap[S07NewsSentiment-feats3-candle3] PASSED [ 81%]
tests/test_strategy_orchestrator.py::test_sl_inr_cap[S10TrapStrategy-feats4-candle4] PASSED [ 82%]
tests/test_topic_docs.py::test_topics_dir_exists_with_index_and_template PASSED [ 82%]
tests/test_topic_docs.py::test_every_topic_doc_is_dated PASSED           [ 82%]
tests/test_topic_docs.py::test_every_topic_doc_has_required_sections PASSED [ 82%]
tests/test_tradenet_v2_pipeline.py::test_first_deploy_two_instruments_isolated PASSED [ 82%]
tests/test_tradenet_v2_pipeline.py::test_upgrade_one_instrument_does_not_touch_other PASSED [ 82%]
tests/test_tradenet_v2_pipeline.py::test_regression_guard_blocks_then_force_bypasses PASSED [ 82%]
tests/test_tradenet_v2_pipeline.py::test_rollback_restores_prior PASSED  [ 82%]
tests/test_tradenet_v2_pipeline.py::test_gov3_single_active_per_instrument_invariant PASSED [ 82%]
tests/test_tradenet_v2_pipeline.py::test_lazy_migration_populates_active_map PASSED [ 82%]
tests/test_tradenet_v2_pipeline.py::test_label_extraction_mfe_proxy PASSED [ 82%]
tests/test_tradenet_v2_pipeline.py::test_label_missing_mfe_defaults_to_zero PASSED [ 82%]
tests/test_tradenet_v2_pipeline.py::test_input_matrix_is_38_dim PASSED   [ 83%]
tests/test_tradenet_v2_pipeline.py::test_v2_envelope_predict_composite_formula PASSED [ 83%]
tests/test_tradenet_v2_pipeline.py::test_missing_model_returns_none_and_emits_critical PASSED [ 83%]
tests/test_train_pipeline.py::test_validate_passes_on_sufficient_clean_data PASSED [ 83%]
tests/test_train_pipeline.py::test_validate_raises_below_minimum PASSED  [ 83%]
tests/test_train_pipeline.py::test_validate_raises_on_empty_dataset PASSED [ 83%]
tests/test_train_pipeline.py::test_validate_skips_record_missing_features_key PASSED [ 83%]
tests/test_train_pipeline.py::test_validate_skips_record_missing_label_key PASSED [ 83%]
tests/test_train_pipeline.py::test_validate_skips_record_invalid_label PASSED [ 83%]
tests/test_train_pipeline.py::test_validate_skips_record_bad_feature_vector PASSED [ 83%]
tests/test_train_pipeline.py::test_validate_warns_below_recommend_threshold PASSED [ 83%]
tests/test_train_pipeline.py::test_run_training_pipeline_includes_validation_report PASSED [ 83%]
tests/test_train_pipeline.py::test_run_training_pipeline_aborts_on_insufficient_data PASSED [ 83%]
tests/test_train_pipeline.py::test_pipeline_with_approved_calibration PASSED [ 84%]
tests/test_train_pipeline.py::test_pipeline_raises_on_rejected_calibration PASSED [ 84%]
tests/test_train_pipeline.py::test_pipeline_calibration_fn_none_unchanged PASSED [ 84%]
tests/test_trainer.py::TestStandardScaler::test_fit_transform_mean_near_zero PASSED [ 84%]
tests/test_trainer.py::TestStandardScaler::test_fit_transform_std_near_one PASSED [ 84%]
tests/test_trainer.py::TestStandardScaler::test_transform_one_consistent_with_transform PASSED [ 84%]
tests/test_trainer.py::TestStandardScaler::test_fit_empty_raises_value_error PASSED [ 84%]
tests/test_trainer.py::TestStandardScaler::test_transform_before_fit_raises_runtime_error PASSED [ 84%]
tests/test_trainer.py::TestStandardScaler::test_transform_one_before_fit_raises_runtime_error PASSED [ 84%]
tests/test_trainer.py::TestStandardScaler::test_n_features_set_after_fit PASSED [ 84%]
tests/test_trainer.py::TestStandardScaler::test_to_dict_has_required_keys PASSED [ 84%]
tests/test_trainer.py::TestStandardScaler::test_from_dict_roundtrip_preserves_transforms PASSED [ 84%]
tests/test_trainer.py::TestStandardScaler::test_from_dict_is_immediately_usable PASSED [ 85%]
tests/test_trainer.py::TestGaussianNBModel::test_predict_proba_sums_to_one PASSED [ 85%]
tests/test_trainer.py::TestGaussianNBModel::test_predict_proba_all_values_non_negative PASSED [ 85%]
tests/test_trainer.py::TestGaussianNBModel::test_predict_proba_before_fit_raises_runtime_error PASSED [ 85%]
tests/test_trainer.py::TestGaussianNBModel::test_predict_proba_wrong_length_raises_value_error PASSED [ 85%]
tests/test_trainer.py::TestGaussianNBModel::test_predict_proba_short_vector_raises_value_error PASSED [ 85%]
tests/test_trainer.py::TestGaussianNBModel::test_fit_empty_raises_value_error PASSED [ 85%]
tests/test_trainer.py::TestGaussianNBModel::test_predict_expected_rr_returns_triple PASSED [ 85%]
tests/test_trainer.py::TestGaussianNBModel::test_confidence_in_unit_interval PASSED [ 85%]
tests/test_trainer.py::TestGaussianNBModel::test_class_priors_sum_to_one PASSED [ 85%]
tests/test_trainer.py::TestGaussianNBModel::test_to_dict_has_required_keys PASSED [ 85%]
tests/test_trainer.py::TestGaussianNBModel::test_from_dict_roundtrip_preserves_predictions PASSED [ 85%]
tests/test_trainer.py::TestGaussianNBModel::test_from_dict_sets_n_features PASSED [ 86%]
tests/test_trainer.py::TestGaussianNBModel::test_n_features_set_after_fit PASSED [ 86%]
tests/test_trainer.py::TestTrainGaussian::test_raises_below_min_samples PASSED [ 86%]
tests/test_trainer.py::TestTrainGaussian::test_happy_path_returns_triple PASSED [ 86%]
tests/test_trainer.py::TestTrainGaussian::test_metrics_has_required_keys PASSED [ 86%]
tests/test_trainer.py::TestTrainGaussian::test_temporal_split_sums_to_total PASSED [ 86%]
tests/test_trainer.py::TestTrainGaussian::test_corr_in_valid_range PASSED [ 86%]
tests/test_trainer.py::TestTrainGaussian::test_calibration_error_non_negative PASSED [ 86%]
tests/test_trainer.py::TestTrainGaussian::test_returned_model_can_predict PASSED [ 86%]
tests/test_trainer.py::TestTrainGaussian::test_n_train_respects_train_ratio PASSED [ 86%]
tests/test_trainer.py::TestCrossValGaussian::test_raises_below_min_samples PASSED [ 86%]
tests/test_trainer.py::TestCrossValGaussian::test_happy_path_returns_required_keys PASSED [ 86%]
tests/test_trainer.py::TestCrossValGaussian::test_stable_is_bool PASSED  [ 87%]
tests/test_trainer.py::TestCrossValGaussian::test_fold_metrics_is_list PASSED [ 87%]
tests/test_trainer.py::TestCrossValGaussian::test_stable_flag_consistent_with_corr_std PASSED [ 87%]
tests/test_trainer.py::TestCrossValGaussian::test_corr_mean_in_valid_range PASSED [ 87%]
tests/test_trainer.py::TestCrossValGaussian::test_n_folds_respected PASSED [ 87%]
tests/test_trainer.py::TestCrossValGaussian::test_insufficient_folds_returns_stable_false PASSED [ 87%]
tests/test_trainer.py::TestCrossValGaussian::test_fold_metrics_entries_have_expected_keys PASSED [ 87%]
tests/test_trainer.py::TestSaveLoadGaussian::test_save_creates_valid_json PASSED [ 87%]
tests/test_trainer.py::TestSaveLoadGaussian::test_save_schema_name_is_gaussian PASSED [ 87%]
tests/test_trainer.py::TestSaveLoadGaussian::test_load_roundtrip_same_predictions PASSED [ 87%]
tests/test_trainer.py::TestSaveLoadGaussian::test_load_mismatched_schema_raises_value_error PASSED [ 87%]
tests/test_trainer.py::TestSaveLoadGaussian::test_load_missing_file_raises_file_not_found PASSED [ 87%]
tests/test_trainer.py::TestSaveLoadGaussian::test_load_returns_correct_metadata PASSED [ 87%]
tests/test_uat_runner.py::test_mc_insufficient_data PASSED               [ 88%]
tests/test_uat_runner.py::test_mc_all_wins PASSED                        [ 88%]
tests/test_uat_runner.py::test_mc_all_losses_high_ruin PASSED            [ 88%]
tests/test_uat_runner.py::test_mc_mixed_trades_structure PASSED          [ 88%]
tests/test_uat_runner.py::test_mc_to_llm_logger_dict_keys PASSED         [ 88%]
tests/test_uat_runner.py::test_ks_daily_limit_trips PASSED               [ 88%]
tests/test_uat_runner.py::test_ks_weekly_accumulation_trips PASSED       [ 88%]
tests/test_uat_runner.py::test_ks_profits_no_trip PASSED                 [ 88%]
tests/test_uat_runner.py::test_ks_reset_clears_trip PASSED               [ 88%]
tests/test_uat_runner.py::test_ks_already_tripped_blocks_new_registration PASSED [ 88%]
tests/test_uat_runner.py::test_ks_state_persists PASSED                  [ 88%]
tests/test_uat_runner.py::test_ks_status_dict_keys PASSED                [ 88%]
tests/test_uat_runner.py::test_runner_area1_runs PASSED                  [ 89%]
tests/test_uat_runner.py::test_runner_area5_mc PASSED                    [ 89%]
tests/test_uat_runner.py::test_runner_area6_kill_switch_scenarios PASSED [ 89%]
tests/test_uat_runner.py::test_runner_area7_edge_cases PASSED            [ 89%]
tests/test_uat_runner.py::test_runner_export_all PASSED                  [ 89%]
tests/test_ultron_gate.py::TestPenaltyApplication::test_range_regime_applies_015_penalty PASSED [ 89%]
tests/test_ultron_gate.py::TestPenaltyApplication::test_trend_regime_zero_penalty PASSED [ 89%]
tests/test_ultron_gate.py::TestPenaltyApplication::test_neutral_regime_applies_015_penalty PASSED [ 89%]
tests/test_ultron_gate.py::TestPenaltyApplication::test_penalty_clamps_at_zero PASSED [ 89%]
tests/test_ultron_gate.py::TestPenaltyApplication::test_penalty_clamps_at_one PASSED [ 89%]
tests/test_ultron_gate.py::TestPenaltyApplication::test_direction_zero_adds_extra_010_penalty PASSED [ 89%]
tests/test_ultron_gate.py::TestPenaltyApplication::test_trend_direction_zero_adds_010_only PASSED [ 89%]
tests/test_ultron_gate.py::TestPenaltyApplication::test_original_score_preserved_unchanged PASSED [ 90%]
tests/test_ultron_gate.py::TestPercentileGate::test_fallback_during_warmup_passes_above_045 PASSED [ 90%]
tests/test_ultron_gate.py::TestPercentileGate::test_fallback_during_warmup_rejects_below_045 PASSED [ 90%]
tests/test_ultron_gate.py::TestPercentileGate::test_percentile_threshold_computed_after_window_fills PASSED [ 90%]
tests/test_ultron_gate.py::TestPercentileGate::test_range_rejects_low_adj_score_after_window_builds PASSED [ 90%]
tests/test_ultron_gate.py::TestPercentileGate::test_high_score_passes_after_window_builds PASSED [ 90%]
tests/test_ultron_gate.py::TestPercentileGate::test_window_bounded_at_100 PASSED [ 90%]
tests/test_ultron_gate.py::TestPercentileGate::test_different_regimes_have_independent_windows PASSED [ 90%]
tests/test_ultron_gate.py::TestDailyQuota::test_max_three_pass_per_day PASSED [ 90%]
tests/test_ultron_gate.py::TestDailyQuota::test_quota_filtered_reason_is_ultron_quota PASSED [ 90%]
tests/test_ultron_gate.py::TestDailyQuota::test_quota_resets_on_new_date PASSED [ 90%]
tests/test_ultron_gate.py::TestDailyQuota::test_quota_rank_increments_correctly PASSED [ 90%]
tests/test_ultron_gate.py::TestDailyQuota::test_filtered_decisions_have_quota_rank_zero PASSED [ 90%]
tests/test_ultron_gate.py::TestDailyQuota::test_pass_quota_rank_is_nonzero PASSED [ 91%]
tests/test_ultron_gate.py::TestDailyQuota::test_multi_day_quota_independence PASSED [ 91%]
tests/test_ultron_gate.py::TestResultSchema::test_pass_result_fields PASSED [ 91%]
tests/test_ultron_gate.py::TestResultSchema::test_penalty_filtered_result_fields PASSED [ 91%]
tests/test_ultron_gate.py::TestResultSchema::test_quota_filtered_result_fields PASSED [ 91%]
tests/test_ultron_gate.py::TestResultSchema::test_pass_reject_stage_is_empty_string PASSED [ 91%]
tests/test_ultron_gate.py::TestResultSchema::test_selected_populated_on_pass PASSED [ 91%]
tests/test_ultron_gate.py::TestResultSchema::test_selected_populated_on_filter PASSED [ 91%]
tests/test_ultron_gate.py::TestResultSchema::test_reason_on_pass_is_gate_reason PASSED [ 91%]
tests/test_ultron_gate.py::TestResultSchema::test_engine_runner_compat_keys_present PASSED [ 91%]
tests/test_ultron_gate.py::TestLogging::test_every_evaluate_emits_log_record PASSED [ 91%]
tests/test_ultron_gate.py::TestLogging::test_log_contains_required_fields PASSED [ 91%]
tests/test_ultron_gate.py::TestLogging::test_filtered_decision_also_logs PASSED [ 92%]
tests/test_ultron_gate.py::TestResetAndReport::test_reset_clears_all_windows PASSED [ 92%]
tests/test_ultron_gate.py::TestResetAndReport::test_reset_clears_daily_quota PASSED [ 92%]
tests/test_ultron_gate.py::TestResetAndReport::test_report_returns_string PASSED [ 92%]
tests/test_ultron_gate.py::TestResetAndReport::test_report_reflects_pass_count PASSED [ 92%]
tests/test_ultron_gate.py::TestResetAndReport::test_report_reflects_evaluated_count PASSED [ 92%]
tests/test_ultron_gate.py::TestEngineSelection::test_trend_selects_breakout PASSED [ 92%]
tests/test_ultron_gate.py::TestEngineSelection::test_range_selects_trap PASSED [ 92%]
tests/test_ultron_gate.py::TestEngineSelection::test_neutral_selects_higher_score PASSED [ 92%]
tests/test_ultron_gate.py::TestEngineSelection::test_neutral_tie_selects_breakout PASSED [ 92%]
tests/test_ultron_gate.py::TestIntegration::test_pass_count_positive PASSED [ 92%]
tests/test_ultron_gate.py::TestIntegration::test_pass_count_bounded_by_quota PASSED [ 92%]
tests/test_ultron_gate.py::TestIntegration::test_reject_stage_consistent PASSED [ 93%]
tests/test_ultron_gate.py::TestIntegration::test_quota_rank_positive_on_pass PASSED [ 93%]
tests/test_ultron_gate.py::TestIntegration::test_report_reflects_totals PASSED [ 93%]
tests/test_ultron_gate.py::TestBackwardCompat::test_trend_high_score_passes PASSED [ 93%]
tests/test_ultron_gate.py::TestBackwardCompat::test_range_high_trap_score_passes PASSED [ 93%]
tests/test_ultron_gate.py::TestBackwardCompat::test_neutral_near_zero_scores_rejected PASSED [ 93%]
tests/test_ultron_risk_gate.py::test_happy_path_approve PASSED           [ 93%]
tests/test_ultron_risk_gate.py::test_approve_updates_portfolio_state PASSED [ 93%]
tests/test_ultron_risk_gate.py::test_approve_no_expires_at PASSED        [ 93%]
tests/test_ultron_risk_gate.py::test_approve_execution_id_propagated PASSED [ 93%]
tests/test_ultron_risk_gate.py::test_reject_expired_signal PASSED        [ 93%]
tests/test_ultron_risk_gate.py::test_reject_malformed_expires_at PASSED  [ 93%]
tests/test_ultron_risk_gate.py::test_approve_signal_just_not_expired PASSED [ 93%]
tests/test_ultron_risk_gate.py::test_naive_datetime_treated_as_utc PASSED [ 94%]
tests/test_ultron_risk_gate.py::test_reject_rr_below_minimum PASSED      [ 94%]
tests/test_ultron_risk_gate.py::test_reject_rr_exactly_below_minimum PASSED [ 94%]
tests/test_ultron_risk_gate.py::test_approve_rr_exactly_at_minimum PASSED [ 94%]
tests/test_ultron_risk_gate.py::test_approve_rr_above_minimum PASSED     [ 94%]
tests/test_ultron_risk_gate.py::test_reject_daily_limit_reached PASSED   [ 94%]
tests/test_ultron_risk_gate.py::test_reject_daily_limit_exceeded PASSED  [ 94%]
tests/test_ultron_risk_gate.py::test_approve_one_below_daily_limit PASSED [ 94%]
tests/test_ultron_risk_gate.py::test_daily_reset_zero_trades PASSED      [ 94%]
tests/test_ultron_risk_gate.py::test_reject_kill_switch_exact_threshold PASSED [ 94%]
tests/test_ultron_risk_gate.py::test_reject_kill_switch_above_threshold PASSED [ 94%]
tests/test_ultron_risk_gate.py::test_approve_daily_loss_below_threshold PASSED [ 94%]
tests/test_ultron_risk_gate.py::test_approve_zero_daily_loss PASSED      [ 95%]
tests/test_ultron_risk_gate.py::test_reject_over_exposure_exact PASSED   [ 95%]
tests/test_ultron_risk_gate.py::test_reject_over_exposure_already_at_cap PASSED [ 95%]
tests/test_ultron_risk_gate.py::test_approve_exposure_just_under_cap PASSED [ 95%]
tests/test_ultron_risk_gate.py::test_exposure_risk_capped_at_per_trade_max PASSED [ 95%]
tests/test_ultron_risk_gate.py::test_exposure_cap_allows_capped_risk PASSED [ 95%]
tests/test_ultron_risk_gate.py::test_reject_entry_equals_stop_loss PASSED [ 95%]
tests/test_ultron_risk_gate.py::test_accept_sl_below_entry PASSED        [ 95%]
tests/test_ultron_risk_gate.py::test_accept_sl_above_entry_short PASSED  [ 95%]
tests/test_ultron_risk_gate.py::test_position_size_no_hint PASSED        [ 95%]
tests/test_ultron_risk_gate.py::test_position_size_hint_smaller_than_max PASSED [ 95%]
tests/test_ultron_risk_gate.py::test_position_size_hint_larger_than_max PASSED [ 95%]
tests/test_ultron_risk_gate.py::test_reject_position_size_zero_from_zero_balance PASSED [ 96%]
tests/test_ultron_risk_gate.py::test_reject_negative_hint_produces_size_zero PASSED [ 96%]
tests/test_ultron_risk_gate.py::test_reject_hint_size_zero PASSED        [ 96%]
tests/test_ultron_risk_gate.py::test_reject_returns_zero_size PASSED     [ 96%]
tests/test_ultron_risk_gate.py::test_reject_preserves_portfolio_state PASSED [ 96%]
tests/test_ultron_risk_gate.py::test_custom_config_overrides_defaults PASSED [ 96%]
tests/test_ultron_risk_gate.py::test_defaults_preserved_when_no_config PASSED [ 96%]
tests/test_ultron_risk_gate.py::test_partial_config_preserves_remaining_defaults PASSED [ 96%]
tests/test_ultron_risk_gate.py::test_ttl_check_before_rr_check PASSED    [ 96%]
tests/test_ultron_risk_gate.py::test_rr_check_before_daily_limit PASSED  [ 96%]
tests/test_ultron_risk_gate.py::test_daily_limit_before_kill_switch PASSED [ 96%]
tests/test_ultron_risk_gate.py::test_kill_switch_before_exposure PASSED  [ 96%]
tests/test_ultron_wrapper.py::test_wrapper_always_calls_through_to_gate PASSED [ 96%]
tests/test_ultron_wrapper.py::test_wrapper_calls_gate_on_rejection_too PASSED [ 97%]
tests/test_ultron_wrapper.py::test_wrapper_scales_risk_for_range_regime PASSED [ 97%]
tests/test_ultron_wrapper.py::test_wrapper_no_scaling_for_trend_regime PASSED [ 97%]
tests/test_ultron_wrapper.py::test_wrapper_does_not_mutate_caller_trade_dict PASSED [ 97%]
tests/test_ultron_wrapper.py::test_wrapper_returns_gate_result_verbatim PASSED [ 97%]
tests/test_ultron_wrapper.py::test_unknown_regime_uses_factor_one PASSED [ 97%]
tests/test_vector_fixture_freshness.py::test_fixture_exists PASSED       [ 97%]
tests/test_vector_fixture_freshness.py::test_fixture_record_count PASSED [ 97%]
tests/test_vector_fixture_freshness.py::test_fixture_schema_matches PASSED [ 97%]
tests/test_vector_fixture_freshness.py::test_fixture_dimensions PASSED   [ 97%]
tests/test_vector_fixture_freshness.py::test_fixture_value_types PASSED  [ 97%]
tests/test_vector_fixture_freshness.py::test_fixture_feature_order_preserved PASSED [ 97%]
tests/test_zone_gate.py::test_engine_runner_passes_context_only_to_bitnet SKIPPED [ 98%]
tests/test_zone_gate.py::test_engine_runner_init_uses_explicit_fusion_constructor SKIPPED [ 98%]
tests/test_zone_gate.py::test_derive_symbol_from_filename PASSED         [ 98%]
tests/test_zone_gate.py::test_zone_gate_symbol_schema_pass_and_no_symbol SKIPPED [ 98%]
tests/test_zone_gate.py::test_zone_gate_gaussian_schema_distribution SKIPPED [ 98%]
tests/test_zone_gate.py::test_zone_gate_invalid_or_missing_registry_hard_reject SKIPPED [ 98%]
tests/test_zone_gate.py::test_zone_gate_has_no_default_symbol_reason SKIPPED [ 98%]
tests/test_zone_gate.py::test_zone_gate_rejects_default_and_unknown_symbol SKIPPED [ 98%]
tests/test_zone_gate.py::test_bitnet_helper_signature_and_passthrough SKIPPED [ 98%]
tests/test_zone_gate_instrumentation.py::test_force_pass_overrides_block_but_logs_real PASSED [ 98%]
tests/test_zone_gate_instrumentation.py::test_force_pass_high_score_real_passed_is_true PASSED [ 98%]
tests/test_zone_gate_instrumentation.py::test_normal_mode_pass_counter_increments PASSED [ 98%]
tests/test_zone_gate_instrumentation.py::test_normal_mode_block_counter_increments PASSED [ 99%]
tests/test_zone_gate_instrumentation.py::test_debug_config_does_not_crash PASSED [ 99%]
tests/test_zone_gate_instrumentation.py::test_soft_zone_score_range PASSED [ 99%]
tests/test_zone_gate_instrumentation.py::test_soft_zone_score_clamped PASSED [ 99%]
tests/test_zone_gate_min_samples.py::TestUnderpoweredBypass::test_single_zone_weight_below_threshold_bypasses PASSED [ 99%]
tests/test_zone_gate_min_samples.py::TestUnderpoweredBypass::test_bypass_also_fires_for_distant_vector PASSED [ 99%]
tests/test_zone_gate_min_samples.py::TestUnderpoweredBypass::test_multi_zone_total_below_threshold_bypasses PASSED [ 99%]
tests/test_zone_gate_min_samples.py::TestUnderpoweredBypass::test_default_min_samples_is_50 PASSED [ 99%]
tests/test_zone_gate_min_samples.py::TestUnderpoweredBypass::test_weight_exactly_at_threshold_not_underpowered PASSED [ 99%]
tests/test_zone_gate_min_samples.py::TestPoweredRegistryEnforces::test_powered_registry_allows_close_vector PASSED [ 99%]
tests/test_zone_gate_min_samples.py::TestPoweredRegistryEnforces::test_powered_registry_rejects_distant_vector PASSED [ 99%]
tests/test_zone_gate_min_samples.py::TestEdgeCases::test_no_zones_underpowered_is_false_but_fails_open PASSED [ 99%]
tests/test_zone_gate_min_samples.py::TestEdgeCases::test_disabled_gate_always_allows PASSED [100%]

================================== FAILURES ===================================
_________________________ test_unregistered_fail_open _________________________
tests\features\test_feature_schema_registry.py:72: in test_unregistered_fail_open
    assert result is True, "Expected True (fail-open) for unregistered version"
E   AssertionError: Expected True (fail-open) for unregistered version
E   assert False is True
------------------------------ Captured log call ------------------------------
WARNING  FeatureSchemaRegistry:feature_schema.py:258 Unknown model version=_never_registered_xyz_ has no registered schema hash — rejecting (fail_closed=True). Register with FeatureSchemaRegistry.register().
__________________________ test_cluster_stats_built ___________________________
tests\replay\test_replay_memory_engine.py:116: in test_cluster_stats_built
    assert len(engine._records) >= 15   # some may be filtered by staleness
    ^^^^^^^^^^^^^^^^^^^^^^^^^^^^^^^^^
E   assert 0 >= 15
E    +  where 0 = len([])
E    +    where [] = <replay.replay_memory_engine.ReplayMemoryEngine object at 0x0000021B0908EFD0>._records
------------------------------ Captured log call ------------------------------
WARNING  ReplayMemoryEngine:replay_memory_engine.py:280 ReplayMemory: load failed (fail-open) — 'zone_id'
____________________________ test_decay_weighting _____________________________
tests\replay\test_replay_memory_engine.py:147: in test_decay_weighting
    assert result["historical_winrate"] < 0.5, (
E   AssertionError: Expected decayed win rate < 0.5, got 0.5
E   assert 0.5 < 0.5
------------------------------ Captured log call ------------------------------
WARNING  ReplayMemoryEngine:replay_memory_engine.py:280 ReplayMemory: load failed (fail-open) — 'zone_id'
____________________ test_dual_gate_trend_selects_breakout ____________________
tests\test_engine_runner_dual_gate.py:88: in test_dual_gate_trend_selects_breakout
    out = runner.run(input_data, {"symbol": "AUDUSD"})
          ^^^^^^^^^^^^^^^^^^^^^^^^^^^^^^^^^^^^^^^^^^^^
src\core\engine_runner.py:671: in run
    if self.gaussian_shadow is not None:
       ^^^^^^^^^^^^^^^^^^^^
E   AttributeError: 'EngineRunner' object has no attribute 'gaussian_shadow'
______________________ test_dual_gate_range_selects_trap ______________________
tests\test_engine_runner_dual_gate.py:109: in test_dual_gate_range_selects_trap
    out = runner.run(input_data, {"symbol": "AUDUSD"})
          ^^^^^^^^^^^^^^^^^^^^^^^^^^^^^^^^^^^^^^^^^^^^
src\core\engine_runner.py:671: in run
    if self.gaussian_shadow is not None:
       ^^^^^^^^^^^^^^^^^^^^
E   AttributeError: 'EngineRunner' object has no attribute 'gaussian_shadow'
________________ test_dual_gate_neutral_low_confidence_rejects ________________
tests\test_engine_runner_dual_gate.py:130: in test_dual_gate_neutral_low_confidence_rejects
    out = runner.run(input_data, {"symbol": "AUDUSD"})
          ^^^^^^^^^^^^^^^^^^^^^^^^^^^^^^^^^^^^^^^^^^^^
src\core\engine_runner.py:671: in run
    if self.gaussian_shadow is not None:
       ^^^^^^^^^^^^^^^^^^^^
E   AttributeError: 'EngineRunner' object has no attribute 'gaussian_shadow'
_______________ test_layered_flow_fusion_runs_before_dual_veto ________________
tests\test_engine_runner_dual_gate.py:150: in test_layered_flow_fusion_runs_before_dual_veto
    out = runner.run(input_data, {"symbol": "AUDUSD"})
          ^^^^^^^^^^^^^^^^^^^^^^^^^^^^^^^^^^^^^^^^^^^^
src\core\engine_runner.py:671: in run
    if self.gaussian_shadow is not None:
       ^^^^^^^^^^^^^^^^^^^^
E   AttributeError: 'EngineRunner' object has no attribute 'gaussian_shadow'
_________________ test_rr_fusion_applies_score_before_fusion __________________
tests\test_engine_runner_rr_fusion.py:181: in test_rr_fusion_applies_score_before_fusion
    result = runner.run(_input_data(), {"symbol": "AUDUSD"})
             ^^^^^^^^^^^^^^^^^^^^^^^^^^^^^^^^^^^^^^^^^^^^^^^
src\core\engine_runner.py:671: in run
    if self.gaussian_shadow is not None:
       ^^^^^^^^^^^^^^^^^^^^
E   AttributeError: 'EngineRunner' object has no attribute 'gaussian_shadow'
________________ test_rr_fusion_failure_falls_back_to_base_rr _________________
tests\test_engine_runner_rr_fusion.py:203: in test_rr_fusion_failure_falls_back_to_base_rr
    result = runner.run(_input_data(), {"symbol": "AUDUSD"})
             ^^^^^^^^^^^^^^^^^^^^^^^^^^^^^^^^^^^^^^^^^^^^^^^
src\core\engine_runner.py:671: in run
    if self.gaussian_shadow is not None:
       ^^^^^^^^^^^^^^^^^^^^
E   AttributeError: 'EngineRunner' object has no attribute 'gaussian_shadow'
______________ test_fusion_compare_mode_records_evaluate_shadow _______________
tests\test_engine_runner_rr_fusion.py:235: in test_fusion_compare_mode_records_evaluate_shadow
    runner.run(_input_data(), {"symbol": "AUDUSD"})
src\core\engine_runner.py:671: in run
    if self.gaussian_shadow is not None:
       ^^^^^^^^^^^^^^^^^^^^
E   AttributeError: 'EngineRunner' object has no attribute 'gaussian_shadow'
_______________ test_fusion_use_evaluate_overrides_final_score ________________
tests\test_engine_runner_rr_fusion.py:252: in test_fusion_use_evaluate_overrides_final_score
    result = runner.run(_input_data(), {"symbol": "AUDUSD"})
             ^^^^^^^^^^^^^^^^^^^^^^^^^^^^^^^^^^^^^^^^^^^^^^^
src\core\engine_runner.py:671: in run
    if self.gaussian_shadow is not None:
       ^^^^^^^^^^^^^^^^^^^^
E   AttributeError: 'EngineRunner' object has no attribute 'gaussian_shadow'
_________________________ test_engine_runner_ml_impl __________________________
tests\test_gaussian_impl_switch.py:143: in test_engine_runner_ml_impl
    assert isinstance(engine, MLGaussianEngine)
E   AssertionError: assert False
E    +  where False = isinstance(<engines.heuristic_gaussian_engine.HeuristicGaussianEngine object at 0x0000021B09171810>, <class 'engines.ml_gaussian_engine.MLGaussianEngine'>)
---------------------------- Captured stderr call -----------------------------
[92m[2026-06-01T15:44:26Z] [FLOW:ENGINE_RUNNER] [INFO] EngineRunner: using HeuristicGaussianEngine (config: gaussian_impl=heuristic)[0m
______________ TestLlmScore.test_unparseable_output_returns_one _______________
tests\test_llm_connectivity.py:135: in test_unparseable_output_returns_one
    assert score == 1.0  # fail-open sentinel
    ^^^^^^^^^^^^^^^^^^^
E   assert 0.5 == 1.0
------------------------------ Captured log call ------------------------------
DEBUG    LlamaGate:llm_scorer.py:146 Local LLM raw output: 'sorry, cannot score'
WARNING  LlamaGate:llm_scorer.py:165 Local LLM: could not parse float from 'sorry, cannot score'.
ERROR    LlamaGate:llm_inference_client.py:171 _groq_request: failed: 'choices'
DEBUG    LlamaGate:llm_scorer.py:98 _groq_score raw output: ''
WARNING  LlamaGate:llm_scorer.py:199 llm_score: Groq also failed — falling to fail-open.
WARNING  LlamaGate:llm_scorer.py:202 llm_score: all backends failed (local=parse_failed: 'sorry, cannot score', groq_enabled=True, groq_key_set=True). Returning 0.5 (neutral abstention).
____________________ TestLlmScore.test_timeout_returns_one ____________________
tests\test_llm_connectivity.py:140: in test_timeout_returns_one
    assert score == 1.0
E   assert 0.5 == 1.0
------------------------------ Captured log call ------------------------------
WARNING  LlamaGate:llm_scorer.py:172 Local LLM unavailable (timeout: <urlopen error timed out>) — trying Groq fallback.
ERROR    LlamaGate:llm_inference_client.py:171 _groq_request: failed: <urlopen error timed out>
DEBUG    LlamaGate:llm_scorer.py:98 _groq_score raw output: ''
WARNING  LlamaGate:llm_scorer.py:199 llm_score: Groq also failed — falling to fail-open.
WARNING  LlamaGate:llm_scorer.py:202 llm_score: all backends failed (local=timeout: <urlopen error timed out>, groq_enabled=True, groq_key_set=True). Returning 0.5 (neutral abstention).
___________________ TestLlmScore.test_url_error_returns_one ___________________
tests\test_llm_connectivity.py:145: in test_url_error_returns_one
    assert score == 1.0
E   assert 0.5 == 1.0
------------------------------ Captured log call ------------------------------
WARNING  LlamaGate:llm_scorer.py:172 Local LLM unavailable (url_error: <urlopen error connection refused>) — trying Groq fallback.
ERROR    LlamaGate:llm_inference_client.py:171 _groq_request: failed: <urlopen error connection refused>
DEBUG    LlamaGate:llm_scorer.py:98 _groq_score raw output: ''
WARNING  LlamaGate:llm_scorer.py:199 llm_score: Groq also failed — falling to fail-open.
WARNING  LlamaGate:llm_scorer.py:202 llm_score: all backends failed (local=url_error: <urlopen error connection refused>, groq_enabled=True, groq_key_set=True). Returning 0.5 (neutral abstention).
_______________ TestLlmScore.test_generic_exception_returns_one _______________
tests\test_llm_connectivity.py:150: in test_generic_exception_returns_one
    assert score == 1.0
E   assert 0.5 == 1.0
------------------------------ Captured log call ------------------------------
ERROR    LlamaGate:llm_scorer.py:175 Local LLM unexpected error (exception: boom) — trying Groq fallback.
ERROR    LlamaGate:llm_inference_client.py:171 _groq_request: failed: boom
DEBUG    LlamaGate:llm_scorer.py:98 _groq_score raw output: ''
WARNING  LlamaGate:llm_scorer.py:199 llm_score: Groq also failed — falling to fail-open.
WARNING  LlamaGate:llm_scorer.py:202 llm_score: all backends failed (local=exception: boom, groq_enabled=True, groq_key_set=True). Returning 0.5 (neutral abstention).
_____________ TestLlmScore.test_failopen_when_both_backends_down ______________
tests\test_llm_connectivity.py:233: in test_failopen_when_both_backends_down
    assert score == 1.0
E   assert 0.5 == 1.0
------------------------------ Captured log call ------------------------------
WARNING  LlamaGate:llm_scorer.py:172 Local LLM unavailable (url_error: <urlopen error connection refused>) — trying Groq fallback.
DEBUG    LlamaGate:llm_scorer.py:98 _groq_score raw output: ''
WARNING  LlamaGate:llm_scorer.py:199 llm_score: Groq also failed — falling to fail-open.
WARNING  LlamaGate:llm_scorer.py:202 llm_score: all backends failed (local=url_error: <urlopen error connection refused>, groq_enabled=True, groq_key_set=True). Returning 0.5 (neutral abstention).
_________________ TestGroqScore.test_unparseable_returns_one __________________
tests\test_llm_connectivity.py:306: in test_unparseable_returns_one
    assert score == 1.0
E   assert 0.5 == 1.0
------------------------------ Captured log call ------------------------------
DEBUG    LlamaGate:llm_scorer.py:98 _groq_score raw output: 'I cannot score this.'
WARNING  LlamaGate:llm_scorer.py:108 _groq_score: could not parse float from 'I cannot score this.'. Returning 0.5 (neutral abstention).
______________ TestGroqScore.test_unavailable_returns_one_empty _______________
tests\test_llm_connectivity.py:320: in test_unavailable_returns_one_empty
    assert score == 1.0
E   assert 0.5 == 1.0
------------------------------ Captured log call ------------------------------
WARNING  LlamaGate:llm_inference_client.py:120 llama_gate: GROQ_API_KEY not set — Groq fallback disabled. Add it to the .env file at the repo root: GROQ_API_KEY=gsk_...
________________ TestGroqScore.test_request_error_returns_one _________________
tests\test_llm_connectivity.py:330: in test_request_error_returns_one
    assert score == 1.0
E   assert 0.5 == 1.0
------------------------------ Captured log call ------------------------------
DEBUG    LlamaGate:llm_scorer.py:98 _groq_score raw output: ''
___________ TestLlmScoreSafe.test_server_down_returns_one_fail_open ___________
tests\test_llm_connectivity.py:383: in test_server_down_returns_one_fail_open
    assert score == 1.0
E   assert 0.5 == 1.0
------------------------------ Captured log call ------------------------------
WARNING  LlamaGate:llm_scorer.py:172 Local LLM unavailable (url_error: <urlopen error connection refused>) — trying Groq fallback.
ERROR    LlamaGate:llm_inference_client.py:171 _groq_request: failed: <urlopen error connection refused>
DEBUG    LlamaGate:llm_scorer.py:98 _groq_score raw output: ''
WARNING  LlamaGate:llm_scorer.py:199 llm_score: Groq also failed — falling to fail-open.
WARNING  LlamaGate:llm_scorer.py:202 llm_score: all backends failed (local=url_error: <urlopen error connection refused>, groq_enabled=True, groq_key_set=True). Returning 0.5 (neutral abstention).
_____________ TestLlmScoreSafe.test_timeout_returns_one_fail_open _____________
tests\test_llm_connectivity.py:388: in test_timeout_returns_one_fail_open
    assert score == 1.0
E   assert 0.5 == 1.0
------------------------------ Captured log call ------------------------------
WARNING  LlamaGate:llm_scorer.py:172 Local LLM unavailable (timeout: <urlopen error timed out>) — trying Groq fallback.
ERROR    LlamaGate:llm_inference_client.py:171 _groq_request: failed: <urlopen error timed out>
DEBUG    LlamaGate:llm_scorer.py:98 _groq_score raw output: ''
WARNING  LlamaGate:llm_scorer.py:199 llm_score: Groq also failed — falling to fail-open.
WARNING  LlamaGate:llm_scorer.py:202 llm_score: all backends failed (local=timeout: <urlopen error timed out>, groq_enabled=True, groq_key_set=True). Returning 0.5 (neutral abstention).
________________ TestLlmScoreBatch.test_server_down_safe_mode _________________
tests\test_llm_connectivity.py:424: in test_server_down_safe_mode
    assert result == [1.0, 1.0]
E   AssertionError: assert [0.5, 0.5] == [1.0, 1.0]
E     
E     At index 0 diff: 0.5 != 1.0
E     
E     Full diff:
E       [
E     -     1.0,
E     ?     ^ ^...
E     
E     ...Full output truncated (7 lines hidden), use '-vv' to show
------------------------------ Captured log call ------------------------------
WARNING  LlamaGate:llm_scorer.py:172 Local LLM unavailable (url_error: <urlopen error connection refused>) — trying Groq fallback.
ERROR    LlamaGate:llm_inference_client.py:171 _groq_request: failed: <urlopen error connection refused>
DEBUG    LlamaGate:llm_scorer.py:98 _groq_score raw output: ''
WARNING  LlamaGate:llm_scorer.py:199 llm_score: Groq also failed — falling to fail-open.
WARNING  LlamaGate:llm_scorer.py:202 llm_score: all backends failed (local=url_error: <urlopen error connection refused>, groq_enabled=True, groq_key_set=True). Returning 0.5 (neutral abstention).
WARNING  LlamaGate:llm_scorer.py:172 Local LLM unavailable (url_error: <urlopen error connection refused>) — trying Groq fallback.
ERROR    LlamaGate:llm_inference_client.py:171 _groq_request: failed: <urlopen error connection refused>
DEBUG    LlamaGate:llm_scorer.py:98 _groq_score raw output: ''
WARNING  LlamaGate:llm_scorer.py:199 llm_score: Groq also failed — falling to fail-open.
WARNING  LlamaGate:llm_scorer.py:202 llm_score: all backends failed (local=url_error: <urlopen error connection refused>, groq_enabled=True, groq_key_set=True). Returning 0.5 (neutral abstention).
============================== warnings summary ===============================
tests/test_ultron_risk_gate.py::test_naive_datetime_treated_as_utc
  D:\Tradelatest\tests\test_ultron_risk_gate.py:146: DeprecationWarning: datetime.datetime.utcnow() is deprecated and scheduled for removal in a future version. Use timezone-aware objects to represent datetimes in UTC: datetime.datetime.now(datetime.UTC).
    future_naive = (datetime.utcnow() + timedelta(hours=1)).isoformat()  # no tz suffix

-- Docs: https://docs.pytest.org/en/stable/how-to/capture-warnings.html
=========================== short test summary info ===========================
FAILED tests/features/test_feature_schema_registry.py::test_unregistered_fail_open
FAILED tests/replay/test_replay_memory_engine.py::test_cluster_stats_built - ...
FAILED tests/replay/test_replay_memory_engine.py::test_decay_weighting - Asse...
FAILED tests/test_engine_runner_dual_gate.py::test_dual_gate_trend_selects_breakout
FAILED tests/test_engine_runner_dual_gate.py::test_dual_gate_range_selects_trap
FAILED tests/test_engine_runner_dual_gate.py::test_dual_gate_neutral_low_confidence_rejects
FAILED tests/test_engine_runner_dual_gate.py::test_layered_flow_fusion_runs_before_dual_veto
FAILED tests/test_engine_runner_rr_fusion.py::test_rr_fusion_applies_score_before_fusion
FAILED tests/test_engine_runner_rr_fusion.py::test_rr_fusion_failure_falls_back_to_base_rr
FAILED tests/test_engine_runner_rr_fusion.py::test_fusion_compare_mode_records_evaluate_shadow
FAILED tests/test_engine_runner_rr_fusion.py::test_fusion_use_evaluate_overrides_final_score
FAILED tests/test_gaussian_impl_switch.py::test_engine_runner_ml_impl - Asser...
FAILED tests/test_llm_connectivity.py::TestLlmScore::test_unparseable_output_returns_one
FAILED tests/test_llm_connectivity.py::TestLlmScore::test_timeout_returns_one
FAILED tests/test_llm_connectivity.py::TestLlmScore::test_url_error_returns_one
FAILED tests/test_llm_connectivity.py::TestLlmScore::test_generic_exception_returns_one
FAILED tests/test_llm_connectivity.py::TestLlmScore::test_failopen_when_both_backends_down
FAILED tests/test_llm_connectivity.py::TestGroqScore::test_unparseable_returns_one
FAILED tests/test_llm_connectivity.py::TestGroqScore::test_unavailable_returns_one_empty
FAILED tests/test_llm_connectivity.py::TestGroqScore::test_request_error_returns_one
FAILED tests/test_llm_connectivity.py::TestLlmScoreSafe::test_server_down_returns_one_fail_open
FAILED tests/test_llm_connectivity.py::TestLlmScoreSafe::test_timeout_returns_one_fail_open
FAILED tests/test_llm_connectivity.py::TestLlmScoreBatch::test_server_down_safe_mode
= 23 failed, 1188 passed, 18 skipped, 2 xfailed, 1 warning in 390.83s (0:06:30) =
